Component: ARM Compiler 5.06 update 7 (build 960) Tool: armlink [4d3601]

==============================================================================

Section Cross References

    startup_stm32f746xx.o(STACK) refers (Special) to heapauxi.o(.text) for __use_two_region_memory
    startup_stm32f746xx.o(HEAP) refers (Special) to heapauxi.o(.text) for __use_two_region_memory
    startup_stm32f746xx.o(RESET) refers (Special) to heapauxi.o(.text) for __use_two_region_memory
    startup_stm32f746xx.o(RESET) refers to startup_stm32f746xx.o(STACK) for __initial_sp
    startup_stm32f746xx.o(RESET) refers to startup_stm32f746xx.o(.text) for Reset_Handler
    startup_stm32f746xx.o(RESET) refers to stm32f7xx_it.o(i.NMI_Handler) for NMI_Handler
    startup_stm32f746xx.o(RESET) refers to stm32f7xx_it.o(i.HardFault_Handler) for HardFault_Handler
    startup_stm32f746xx.o(RESET) refers to stm32f7xx_it.o(i.MemManage_Handler) for MemManage_Handler
    startup_stm32f746xx.o(RESET) refers to stm32f7xx_it.o(i.BusFault_Handler) for BusFault_Handler
    startup_stm32f746xx.o(RESET) refers to stm32f7xx_it.o(i.UsageFault_Handler) for UsageFault_Handler
    startup_stm32f746xx.o(RESET) refers to stm32f7xx_it.o(i.SVC_Handler) for SVC_Handler
    startup_stm32f746xx.o(RESET) refers to stm32f7xx_it.o(i.DebugMon_Handler) for DebugMon_Handler
    startup_stm32f746xx.o(RESET) refers to stm32f7xx_it.o(i.PendSV_Handler) for PendSV_Handler
    startup_stm32f746xx.o(RESET) refers to stm32f7xx_it.o(i.SysTick_Handler) for SysTick_Handler
    startup_stm32f746xx.o(.text) refers (Special) to heapauxi.o(.text) for __use_two_region_memory
    startup_stm32f746xx.o(.text) refers to system_stm32f7xx.o(i.SystemInit) for SystemInit
    startup_stm32f746xx.o(.text) refers to __main.o(!!!main) for __main
    startup_stm32f746xx.o(.text) refers to startup_stm32f746xx.o(HEAP) for Heap_Mem
    startup_stm32f746xx.o(.text) refers to startup_stm32f746xx.o(STACK) for Stack_Mem
    main.o(i.MX_GPIO_Init) refers to rt_memclr_w.o(.text) for __aeabi_memclr4
    main.o(i.MX_GPIO_Init) refers to stm32f7xx_hal_gpio.o(i.HAL_GPIO_WritePin) for HAL_GPIO_WritePin
    main.o(i.MX_GPIO_Init) refers to stm32f7xx_hal_gpio.o(i.HAL_GPIO_Init) for HAL_GPIO_Init
    main.o(i.MX_USART2_UART_Init) refers to stm32f7xx_hal_uart.o(i.HAL_UART_Init) for HAL_UART_Init
    main.o(i.MX_USART2_UART_Init) refers to main.o(.bss) for .bss
    main.o(i.MX_USART3_UART_Init) refers to stm32f7xx_hal_uart.o(i.HAL_UART_Init) for HAL_UART_Init
    main.o(i.MX_USART3_UART_Init) refers to main.o(.bss) for .bss
    main.o(i.SystemClock_Config) refers to rt_memclr_w.o(.text) for __aeabi_memclr4
    main.o(i.SystemClock_Config) refers to stm32f7xx_hal_rcc.o(i.HAL_RCC_OscConfig) for HAL_RCC_OscConfig
    main.o(i.SystemClock_Config) refers to stm32f7xx_hal_pwr_ex.o(i.HAL_PWREx_EnableOverDrive) for HAL_PWREx_EnableOverDrive
    main.o(i.SystemClock_Config) refers to stm32f7xx_hal_rcc.o(i.HAL_RCC_ClockConfig) for HAL_RCC_ClockConfig
    main.o(i.main) refers to stm32f7xx_hal_cortex.o(i.HAL_MPU_Disable) for HAL_MPU_Disable
    main.o(i.main) refers to stm32f7xx_hal_cortex.o(i.HAL_MPU_ConfigRegion) for HAL_MPU_ConfigRegion
    main.o(i.main) refers to stm32f7xx_hal_cortex.o(i.HAL_MPU_Enable) for HAL_MPU_Enable
    main.o(i.main) refers to stm32f7xx_hal.o(i.HAL_Init) for HAL_Init
    main.o(i.main) refers to main.o(i.SystemClock_Config) for SystemClock_Config
    main.o(i.main) refers to main.o(i.MX_GPIO_Init) for MX_GPIO_Init
    main.o(i.main) refers to main.o(i.MX_USART3_UART_Init) for MX_USART3_UART_Init
    main.o(i.main) refers to main.o(i.MX_USART2_UART_Init) for MX_USART2_UART_Init
    main.o(i.main) refers to stm32f7xx_hal_crc.o(i.HAL_CRC_Init) for HAL_CRC_Init
    main.o(i.main) refers to boot.o(i.bootloader_init) for bootloader_init
    main.o(i.main) refers to main.o(.bss) for .bss
    main.o(i.st_printf) refers to strcat.o(.text) for strcat
    main.o(i.st_printf) refers to sprintf.o(.text) for sprintf
    main.o(i.st_printf) refers to strlen.o(.text) for strlen
    main.o(i.st_printf) refers to stm32f7xx_hal_uart.o(i.HAL_UART_Transmit) for HAL_UART_Transmit
    main.o(i.st_printf) refers to main.o(.bss) for .bss
    stm32f7xx_it.o(i.SysTick_Handler) refers to stm32f7xx_hal.o(i.HAL_IncTick) for HAL_IncTick
    stm32f7xx_hal_msp.o(i.HAL_UART_MspDeInit) refers to stm32f7xx_hal_gpio.o(i.HAL_GPIO_DeInit) for HAL_GPIO_DeInit
    stm32f7xx_hal_msp.o(i.HAL_UART_MspInit) refers to rt_memclr_w.o(.text) for __aeabi_memclr4
    stm32f7xx_hal_msp.o(i.HAL_UART_MspInit) refers to stm32f7xx_hal_rcc_ex.o(i.HAL_RCCEx_PeriphCLKConfig) for HAL_RCCEx_PeriphCLKConfig
    stm32f7xx_hal_msp.o(i.HAL_UART_MspInit) refers to main.o(i.Error_Handler) for Error_Handler
    stm32f7xx_hal_msp.o(i.HAL_UART_MspInit) refers to stm32f7xx_hal_gpio.o(i.HAL_GPIO_Init) for HAL_GPIO_Init
    boot.o(i.bootloader_init) refers to stm32f7xx_hal_gpio.o(i.HAL_GPIO_ReadPin) for HAL_GPIO_ReadPin
[...]
    .ARM.Collect$$_printf_percent$$00000005  0x08000254   Section        6  _printf_g.o(.ARM.Collect$$_printf_percent$$00000005)
    .ARM.Collect$$_printf_percent$$00000006  0x0800025a   Section        6  _printf_a.o(.ARM.Collect$$_printf_percent$$00000006)
    .ARM.Collect$$_printf_percent$$00000007  0x08000260   Section       10  _printf_ll.o(.ARM.Collect$$_printf_percent$$00000007)
    .ARM.Collect$$_printf_percent$$00000008  0x0800026a   Section        6  _printf_i.o(.ARM.Collect$$_printf_percent$$00000008)
    .ARM.Collect$$_printf_percent$$00000009  0x08000270   Section        6  _printf_d.o(.ARM.Collect$$_printf_percent$$00000009)
    .ARM.Collect$$_printf_percent$$0000000A  0x08000276   Section        6  _printf_u.o(.ARM.Collect$$_printf_percent$$0000000A)
    .ARM.Collect$$_printf_percent$$0000000B  0x0800027c   Section        6  _printf_o.o(.ARM.Collect$$_printf_percent$$0000000B)
    .ARM.Collect$$_printf_percent$$0000000C  0x08000282   Section        6  _printf_x.o(.ARM.Collect$$_printf_percent$$0000000C)
    .ARM.Collect$$_printf_percent$$0000000D  0x08000288   Section        6  _printf_lli.o(.ARM.Collect$$_printf_percent$$0000000D)
    .ARM.Collect$$_printf_percent$$0000000E  0x0800028e   Section        6  _printf_lld.o(.ARM.Collect$$_printf_percent$$0000000E)
    .ARM.Collect$$_printf_percent$$0000000F  0x08000294   Section        6  _printf_llu.o(.ARM.Collect$$_printf_percent$$0000000F)
    .ARM.Collect$$_printf_percent$$00000010  0x0800029a   Section        6  _printf_llo.o(.ARM.Collect$$_printf_percent$$00000010)
    .ARM.Collect$$_printf_percent$$00000011  0x080002a0   Section        6  _printf_llx.o(.ARM.Collect$$_printf_percent$$00000011)
    .ARM.Collect$$_printf_percent$$00000012  0x080002a6   Section       10  _printf_l.o(.ARM.Collect$$_printf_percent$$00000012)
    .ARM.Collect$$_printf_percent$$00000013  0x080002b0   Section        6  _printf_c.o(.ARM.Collect$$_printf_percent$$00000013)
    .ARM.Collect$$_printf_percent$$00000014  0x080002b6   Section        6  _printf_s.o(.ARM.Collect$$_printf_percent$$00000014)
    .ARM.Collect$$_printf_percent$$00000015  0x080002bc   Section        6  _printf_lc.o(.ARM.Collect$$_printf_percent$$00000015)
    .ARM.Collect$$_printf_percent$$00000016  0x080002c2   Section        6  _printf_ls.o(.ARM.Collect$$_printf_percent$$00000016)
    .ARM.Collect$$_printf_percent$$00000017  0x080002c8   Section        4  _printf_percent_end.o(.ARM.Collect$$_printf_percent$$00000017)
    .ARM.Collect$$libinit$$00000000          0x080002cc   Section        2  libinit.o(.ARM.Collect$$libinit$$00000000)
    .ARM.Collect$$libinit$$00000001          0x080002ce   Section        4  libinit2.o(.ARM.Collect$$libinit$$00000001)
    .ARM.Collect$$libinit$$00000004          0x080002d2   Section        0  libinit2.o(.ARM.Collect$$libinit$$00000004)
    .ARM.Collect$$libinit$$0000000A          0x080002d2   Section        0  libinit2.o(.ARM.Collect$$libinit$$0000000A)
    .ARM.Collect$$libinit$$0000000C          0x080002d2   Section        0  libinit2.o(.ARM.Collect$$libinit$$0000000C)
    .ARM.Collect$$libinit$$0000000E          0x080002d2   Section        0  libinit2.o(.ARM.Collect$$libinit$$0000000E)
    .ARM.Collect$$libinit$$0000000F          0x080002d2   Section        6  libinit2.o(.ARM.Collect$$libinit$$0000000F)
    .ARM.Collect$$libinit$$00000011          0x080002d8   Section        0  libinit2.o(.ARM.Collect$$libinit$$00000011)
    .ARM.Collect$$libinit$$00000012          0x080002d8   Section       12  libinit2.o(.ARM.Collect$$libinit$$00000012)
    .ARM.Collect$$libinit$$00000013          0x080002e4   Section        0  libinit2.o(.ARM.Collect$$libinit$$00000013)
    .ARM.Collect$$libinit$$00000015          0x080002e4   Section        0  libinit2.o(.ARM.Collect$$libinit$$00000015)
    .ARM.Collect$$libinit$$00000016          0x080002e4   Section       10  libinit2.o(.ARM.Collect$$libinit$$00000016)
    .ARM.Collect$$libinit$$00000017          0x080002ee   Section        0  libinit2.o(.ARM.Collect$$libinit$$00000017)
    .ARM.Collect$$libinit$$00000019          0x080002ee   Section        0  libinit2.o(.ARM.Collect$$libinit$$00000019)
    .ARM.Collect$$libinit$$0000001B          0x080002ee   Section        0  libinit2.o(.ARM.Collect$$libinit$$0000001B)
    .ARM.Collect$$libinit$$0000001D          0x080002ee   Section        0  libinit2.o(.ARM.Collect$$libinit$$0000001D)
    .ARM.Collect$$libinit$$0000001F          0x080002ee   Section        0  libinit2.o(.ARM.Collect$$libinit$$0000001F)
    .ARM.Collect$$libinit$$00000021          0x080002ee   Section        0  libinit2.o(.ARM.Collect$$libinit$$00000021)
    .ARM.Collect$$libinit$$00000023          0x080002ee   Section        0  libinit2.o(.ARM.Collect$$libinit$$00000023)
    .ARM.Collect$$libinit$$00000025          0x080002ee   Section        0  libinit2.o(.ARM.Collect$$libinit$$00000025)
    .ARM.Collect$$libinit$$0000002C          0x080002ee   Section        0  libinit2.o(.ARM.Collect$$libinit$$0000002C)
    .ARM.Collect$$libinit$$0000002E          0x080002ee   Section        0  libinit2.o(.ARM.Collect$$libinit$$0000002E)
    .ARM.Collect$$libinit$$00000030          0x080002ee   Section        0  libinit2.o(.ARM.Collect$$libinit$$00000030)
    .ARM.Collect$$libinit$$00000032          0x080002ee   Section        0  libinit2.o(.ARM.Collect$$libinit$$00000032)
    .ARM.Collect$$libinit$$00000033          0x080002ee   Section        2  libinit2.o(.ARM.Collect$$libinit$$00000033)
    .ARM.Collect$$libshutdown$$00000000      0x080002f0   Section        2  libshutdown.o(.ARM.Collect$$libshutdown$$00000000)
    .ARM.Collect$$libshutdown$$00000002      0x080002f2   Section        0  libshutdown2.o(.ARM.Collect$$libshutdown$$00000002)
    .ARM.Collect$$libshutdown$$00000004      0x080002f2   Section        0  libshutdown2.o(.ARM.Collect$$libshutdown$$00000004)
    .ARM.Collect$$libshutdown$$00000006      0x080002f2   Section        0  libshutdown2.o(.ARM.Collect$$libshutdown$$00000006)
    .ARM.Collect$$libshutdown$$00000009      0x080002f2   Section        0  libshutdown2.o(.ARM.Collect$$libshutdown$$00000009)
    .ARM.Collect$$libshutdown$$0000000C      0x080002f2   Section        0  libshutdown2.o(.ARM.Collect$$libshutdown$$0000000C)
    .ARM.Collect$$libshutdown$$0000000E      0x080002f2   Section        0  libshutdown2.o(.ARM.Collect$$libshutdown$$0000000E)
    .ARM.Collect$$libshutdown$$00000011      0x080002f2   Section        0  libshutdown2.o(.ARM.Collect$$libshutdown$$00000011)
    .ARM.Collect$$libshutdown$$00000012      0x080002f2   Section        2  libshutdown2.o(.ARM.Collect$$libshutdown$$00000012)
    .ARM.Collect$$rtentry$$00000000          0x080002f4   Section        0  __rtentry.o(.ARM.Collect$$rtentry$$00000000)
    .ARM.Collect$$rtentry$$00000002          0x080002f4   Section        0  __rtentry2.o(.ARM.Collect$$rtentry$$00000002)
    .ARM.Collect$$rtentry$$00000004          0x080002f4   Section        6  __rtentry4.o(.ARM.Collect$$rtentry$$00000004)
    .ARM.Collect$$rtentry$$00000009          0x080002fa   Section        0  __rtentry2.o(.ARM.Collect$$rtentry$$00000009)
    .ARM.Collect$$rtentry$$0000000A          0x080002fa   Section        4  __rtentry2.o(.ARM.Collect$$rtentry$$0000000A)
    .ARM.Collect$$rtentry$$0000000C          0x080002fe   Section        0  __rtentry2.o(.ARM.Collect$$rtentry$$0000000C)
    .ARM.Collect$$rtentry$$0000000D          0x080002fe   Section        8  __rtentry2.o(.ARM.Collect$$rtentry$$0000000D)
    .ARM.Collect$$rtexit$$00000000           0x08000306   Section        2  rtexit.o(.ARM.Collect$$rtexit$$00000000)
    .ARM.Collect$$rtexit$$00000002           0x08000308   Section        0  rtexit2.o(.ARM.Collect$$rtexit$$00000002)
    .ARM.Collect$$rtexit$$00000003           0x08000308   Section        4  rtexit2.o(.ARM.Collect$$rtexit$$00000003)
    .ARM.Collect$$rtexit$$00000004           0x0800030c   Section        6  rtexit2.o(.ARM.Collect$$rtexit$$00000004)
    .text                                    0x08000314   Section       64  startup_stm32f746xx.o(.text)
    $v0                                      0x08000314   Number         0  startup_stm32f746xx.o(.text)
    .text                                    0x08000354   Section      238  lludivv7m.o(.text)
    .text                                    0x08000444   Section        0  sprintf.o(.text)
    .text                                    0x08000470   Section        0  strlen.o(.text)
    .text                                    0x080004ae   Section        0  strcat.o(.text)
    .text                                    0x080004c6   Section       78  rt_memclr_w.o(.text)
    .text                                    0x08000514   Section        0  heapauxi.o(.text)
    .text                                    0x0800051a   Section        0  _printf_pad.o(.text)
    .text                                    0x08000568   Section        0  _printf_truncate.o(.text)
    .text                                    0x0800058c   Section        0  _printf_str.o(.text)
    .text                                    0x080005e0   Section        0  _printf_dec.o(.text)
    .text                                    0x08000658   Section        0  _printf_charcount.o(.text)
    .text                                    0x08000680   Section        0  _printf_char_common.o(.text)
    _printf_input_char                       0x08000681   Thumb Code    10  _printf_char_common.o(.text)
    .text                                    0x080006b0   Section        0  _sputc.o(.text)
    .text                                    0x080006bc   Section        0  _printf_wctomb.o(.text)
    .text                                    0x08000778   Section        0  _printf_longlong_dec.o(.text)
    .text                                    0x080007f4   Section        0  _printf_oct_int_ll.o(.text)
    _printf_longlong_oct_internal            0x080007f5   Thumb Code     0  _printf_oct_int_ll.o(.text)
    .text                                    0x08000864   Section        0  _printf_hex_int_ll_ptr.o(.text)
    _printf_hex_common                       0x08000865   Thumb Code     0  _printf_hex_int_ll_ptr.o(.text)
    .text                                    0x080008f8   Section        0  __printf_flags_ss_wp.o(.text)
    .text                                    0x08000a80   Section      138  lludiv10.o(.text)
    .text                                    0x08000b0a   Section        0  _printf_intcommon.o(.text)
    .text                                    0x08000bbc   Section        0  _printf_fp_dec.o(.text)
    _fp_digits                               0x08000bbf   Thumb Code   432  _printf_fp_dec.o(.text)
    .text                                    0x08000fdc   Section        0  _printf_fp_hex.o(.text)
    .text                                    0x080012d8   Section        0  _printf_char.o(.text)
    .text                                    0x08001304   Section        0  _printf_wchar.o(.text)
    .text                                    0x08001330   Section        0  _wcrtomb.o(.text)
    .text                                    0x08001370   Section       74  sys_stackheap_outer.o(.text)
    .text                                    0x080013bc   Section       16  rt_ctype_table.o(.text)
    .text                                    0x080013cc   Section        8  rt_locale_intlibspace.o(.text)
    .text                                    0x080013d4   Section        0  _printf_fp_infnan.o(.text)
    .text                                    0x08001454   Section        0  bigflt0.o(.text)
    .text                                    0x08001538   Section        0  exit.o(.text)
    .text                                    0x0800154c   Section        8  libspace.o(.text)
    .text                                    0x08001554   Section      104  strcmpv7m_pel.o(.text)
    .text                                    0x080015bc   Section        0  sys_exit.o(.text)
    .text                                    0x080015c8   Section        2  use_no_semi.o(.text)
    .text                                    0x080015ca   Section        0  indicate_semi.o(.text)
    CL$$btod_d2e                             0x080015ca   Section       62  btod.o(CL$$btod_d2e)
    CL$$btod_d2e_denorm_low                  0x08001608   Section       70  btod.o(CL$$btod_d2e_denorm_low)
    CL$$btod_d2e_norm_op1                    0x0800164e   Section       96  btod.o(CL$$btod_d2e_norm_op1)
    CL$$btod_div_common                      0x080016ae   Section      824  btod.o(CL$$btod_div_common)
    CL$$btod_e2e                             0x080019e6   Section      220  btod.o(CL$$btod_e2e)
    CL$$btod_ediv                            0x08001ac2   Section       42  btod.o(CL$$btod_ediv)
    CL$$btod_emul                            0x08001aec   Section       42  btod.o(CL$$btod_emul)
    CL$$btod_mult_common                     0x08001b16   Section      580  btod.o(CL$$btod_mult_common)
    i.BusFault_Handler                       0x08001d5a   Section        0  stm32f7xx_it.o(i.BusFault_Handler)
    i.DebugMon_Handler                       0x08001d5c   Section        0  stm32f7xx_it.o(i.DebugMon_Handler)
    i.Error_Handler                          0x08001d5e   Section        0  main.o(i.Error_Handler)
    i.HAL_CRCEx_Polynomial_Set               0x08001d62   Section        0  stm32f7xx_hal_crc_ex.o(i.HAL_CRCEx_Polynomial_Set)
    i.HAL_CRC_Init                           0x08001db0   Section        0  stm32f7xx_hal_crc.o(i.HAL_CRC_Init)
    i.HAL_CRC_MspInit                        0x08001e28   Section        0  stm32f7xx_hal_msp.o(i.HAL_CRC_MspInit)
    i.HAL_GPIO_Init                          0x08001e50   Section        0  stm32f7xx_hal_gpio.o(i.HAL_GPIO_Init)
    i.HAL_GPIO_ReadPin                       0x08002098   Section        0  stm32f7xx_hal_gpio.o(i.HAL_GPIO_ReadPin)
    i.HAL_GPIO_WritePin                      0x080020a2   Section        0  stm32f7xx_hal_gpio.o(i.HAL_GPIO_WritePin)
    i.HAL_GetTick                            0x080020ac   Section        0  stm32f7xx_hal.o(i.HAL_GetTick)
    i.HAL_IncTick                            0x080020b8   Section        0  stm32f7xx_hal.o(i.HAL_IncTick)
    i.HAL_Init                               0x080020c8   Section        0  stm32f7xx_hal.o(i.HAL_Init)
    i.HAL_InitTick                           0x080020e0   Section        0  stm32f7xx_hal.o(i.HAL_InitTick)
    i.HAL_MPU_ConfigRegion                   0x08002120   Section        0  stm32f7xx_hal_cortex.o(i.HAL_MPU_ConfigRegion)
    i.HAL_MPU_Disable                        0x0800217c   Section        0  stm32f7xx_hal_cortex.o(i.HAL_MPU_Disable)
    i.HAL_MPU_Enable                         0x08002198   Section        0  stm32f7xx_hal_cortex.o(i.HAL_MPU_Enable)
    i.HAL_MspInit                            0x080021bc   Section        0  stm32f7xx_hal_msp.o(i.HAL_MspInit)
    i.HAL_NVIC_SetPriority                   0x080021ec   Section        0  stm32f7xx_hal_cortex.o(i.HAL_NVIC_SetPriority)
    i.HAL_NVIC_SetPriorityGrouping           0x0800222c   Section        0  stm32f7xx_hal_cortex.o(i.HAL_NVIC_SetPriorityGrouping)
    i.HAL_PWREx_EnableOverDrive              0x08002250   Section        0  stm32f7xx_hal_pwr_ex.o(i.HAL_PWREx_EnableOverDrive)
    i.HAL_RCCEx_PeriphCLKConfig              0x080022bc   Section        0  stm32f7xx_hal_rcc_ex.o(i.HAL_RCCEx_PeriphCLKConfig)
    i.HAL_RCC_ClockConfig                    0x080027b8   Section        0  stm32f7xx_hal_rcc.o(i.HAL_RCC_ClockConfig)
    i.HAL_RCC_GetPCLK1Freq                   0x080028e8   Section        0  stm32f7xx_hal_rcc.o(i.HAL_RCC_GetPCLK1Freq)
    i.HAL_RCC_GetPCLK2Freq                   0x08002908   Section        0  stm32f7xx_hal_rcc.o(i.HAL_RCC_GetPCLK2Freq)
    i.HAL_RCC_GetSysClockFreq                0x08002928   Section        0  stm32f7xx_hal_rcc.o(i.HAL_RCC_GetSysClockFreq)
    i.HAL_RCC_OscConfig                      0x0800298c   Section        0  stm32f7xx_hal_rcc.o(i.HAL_RCC_OscConfig)
    i.HAL_SYSTICK_Config                     0x08002d10   Section        0  stm32f7xx_hal_cortex.o(i.HAL_SYSTICK_Config)
    i.HAL_UART_Init                          0x08002d36   Section        0  stm32f7xx_hal_uart.o(i.HAL_UART_Init)
    i.HAL_UART_MspInit                       0x08002d9c   Section        0  stm32f7xx_hal_msp.o(i.HAL_UART_MspInit)
    i.HAL_UART_Transmit                      0x08002e6c   Section        0  stm32f7xx_hal_uart.o(i.HAL_UART_Transmit)
    i.HardFault_Handler                      0x08002f24   Section        0  stm32f7xx_it.o(i.HardFault_Handler)
    i.MX_GPIO_Init                           0x08002f28   Section        0  main.o(i.MX_GPIO_Init)
    MX_GPIO_Init                             0x08002f29   Thumb Code   118  main.o(i.MX_GPIO_Init)
    i.MX_USART2_UART_Init                    0x08002fac   Section        0  main.o(i.MX_USART2_UART_Init)
    MX_USART2_UART_Init                      0x08002fad   Thumb Code    48  main.o(i.MX_USART2_UART_Init)
    i.MX_USART3_UART_Init                    0x08002fe4   Section        0  main.o(i.MX_USART3_UART_Init)
    MX_USART3_UART_Init                      0x08002fe5   Thumb Code    48  main.o(i.MX_USART3_UART_Init)
    i.MemManage_Handler                      0x0800301c   Section        0  stm32f7xx_it.o(i.MemManage_Handler)
    i.NMI_Handler                            0x0800301e   Section        0  stm32f7xx_it.o(i.NMI_Handler)
    i.PendSV_Handler                         0x08003020   Section        0  stm32f7xx_it.o(i.PendSV_Handler)
    i.SVC_Handler                            0x08003022   Section        0  stm32f7xx_it.o(i.SVC_Handler)
    i.SysTick_Handler                        0x08003024   Section        0  stm32f7xx_it.o(i.SysTick_Handler)
    i.SystemClock_Config                     0x08003028   Section        0  main.o(i.SystemClock_Config)
    i.SystemInit                             0x080030c8   Section        0  system_stm32f7xx.o(i.SystemInit)
    i.UART_AdvFeatureConfig                  0x080030d8   Section        0  stm32f7xx_hal_uart.o(i.UART_AdvFeatureConfig)
    i.UART_CheckIdleState                    0x080031a0   Section        0  stm32f7xx_hal_uart.o(i.UART_CheckIdleState)
    i.UART_SetConfig                         0x080031e0   Section        0  stm32f7xx_hal_uart.o(i.UART_SetConfig)
    i.UART_WaitOnFlagUntilTimeout            0x08003410   Section        0  stm32f7xx_hal_uart.o(i.UART_WaitOnFlagUntilTimeout)
    i.UsageFault_Handler                     0x080034da   Section        0  stm32f7xx_it.o(i.UsageFault_Handler)
    i.__ARM_fpclassify                       0x080034dc   Section        0  fpclassify.o(i.__ARM_fpclassify)
    i.__NVIC_SetPriority                     0x0800350c   Section        0  stm32f7xx_hal_cortex.o(i.__NVIC_SetPriority)
    __NVIC_SetPriority                       0x0800350d   Thumb Code    34  stm32f7xx_hal_cortex.o(i.__NVIC_SetPriority)
    i._is_digit                              0x0800352e   Section        0  __printf_wp.o(i._is_digit)
    i.bootloader_init                        0x0800353c   Section        0  boot.o(i.bootloader_init)
    i.bootloader_jump_user_app               0x080035a4   Section        0  boot.o(i.bootloader_jump_user_app)
    i.main                                   0x080035e4   Section        0  main.o(i.main)
    i.st_printf                              0x0800366c   Section        0  main.o(i.st_printf)
    locale$$code                             0x080036ac   Section       44  lc_numeric_c.o(locale$$code)
    locale$$code                             0x080036d8   Section       44  lc_ctype_c.o(locale$$code)
    x$fpl$fpinit                             0x08003704   Section       10  fpinit.o(x$fpl$fpinit)
    $v0                                      0x08003704   Number         0  fpinit.o(x$fpl$fpinit)
    x$fpl$printf1                            0x0800370e   Section        4  printf1.o(x$fpl$printf1)
    $v0                                      0x0800370e   Number         0  printf1.o(x$fpl$printf1)
    x$fpl$printf2                            0x08003712   Section        4  printf2.o(x$fpl$printf2)
    $v0                                      0x08003712   Number         0  printf2.o(x$fpl$printf2)
    .constdata                               0x08003716   Section       16  system_stm32f7xx.o(.constdata)
    x$fpl$usenofp                            0x08003716   Section        0  usenofp.o(x$fpl$usenofp)
    .constdata                               0x08003726   Section        8  system_stm32f7xx.o(.constdata)
    .constdata                               0x08003730   Section        8  _printf_wctomb.o(.constdata)
    initial_mbstate                          0x08003730   Data           8  _printf_wctomb.o(.constdata)
    .constdata                               0x08003738   Section       40  _printf_hex_int_ll_ptr.o(.constdata)
    uc_hextab                                0x08003738   Data          20  _printf_hex_int_ll_ptr.o(.constdata)
    lc_hextab                                0x0800374c   Data          20  _printf_hex_int_ll_ptr.o(.constdata)
    .constdata                               0x08003760   Section       17  __printf_flags_ss_wp.o(.constdata)
    maptable                                 0x08003760   Data          17  __printf_flags_ss_wp.o(.constdata)
    .constdata                               0x08003771   Section       38  _printf_fp_hex.o(.constdata)
    lc_hextab                                0x08003771   Data          19  _printf_fp_hex.o(.constdata)
    uc_hextab                                0x08003784   Data          19  _printf_fp_hex.o(.constdata)
    .constdata                               0x08003798   Section      148  bigflt0.o(.constdata)
    tenpwrs_x                                0x08003798   Data          60  bigflt0.o(.constdata)
    tenpwrs_i                                0x080037d4   Data          64  bigflt0.o(.constdata)
    locale$$data                             0x0800384c   Section       28  lc_numeric_c.o(locale$$data)
    __lcnum_c_name                           0x08003850   Data           2  lc_numeric_c.o(locale$$data)
    __lcnum_c_start                          0x08003858   Data           0  lc_numeric_c.o(locale$$data)
    __lcnum_c_point                          0x08003864   Data           0  lc_numeric_c.o(locale$$data)
    __lcnum_c_thousands                      0x08003866   Data           0  lc_numeric_c.o(locale$$data)
    __lcnum_c_grouping                       0x08003867   Data           0  lc_numeric_c.o(locale$$data)
    locale$$data                             0x08003868   Section      272  lc_ctype_c.o(locale$$data)
    __lcnum_c_end                            0x08003868   Data           0  lc_numeric_c.o(locale$$data)
    __lcctype_c_name                         0x0800386c   Data           2  lc_ctype_c.o(locale$$data)
    __lcctype_c_start                        0x08003874   Data           0  lc_ctype_c.o(locale$$data)
    __lcctype_c_end                          0x08003978   Data           0  lc_ctype_c.o(locale$$data)
    .data                                    0x20000000   Section       12  stm32f7xx_hal.o(.data)
    .data                                    0x2000000c   Section        4  system_stm32f7xx.o(.data)
    .bss                                     0x20000010   Section      300  main.o(.bss)
    .bss                                     0x2000013c   Section       96  libspace.o(.bss)
    HEAP                                     0x200001a0   Section      512  startup_stm32f746xx.o(HEAP)
    Heap_Mem                                 0x200001a0   Data         512  startup_stm32f746xx.o(HEAP)
    STACK                                    0x200003a0   Section     1024  startup_stm32f746xx.o(STACK)
    Stack_Mem                                0x200003a0   Data        1024  startup_stm32f746xx.o(STACK)
    __initial_sp                             0x200007a0   Data           0  startup_stm32f746xx.o(STACK)

    Global Symbols

    Symbol Name                              Value     Ov Type        Size  Object(Section)

    BuildAttributes$$THM_ISAv4$E$P$D$K$B$S$7EM$VFPi5$EXTD16$VFPS$VFMA$PE$PLD8$A:L22UL41UL21$X:L11$S22US41US21$IEEE1$IW$USESV6$~STKCKD$USESV7$~SHL$OTIME$ROPI$IEEEJ$EBA8$UX$STANDARDLIB$REQ8$PRES8$EABIv2 0x00000000   Number         0  anon$$obj.o ABSOLUTE
    __ARM_use_no_argv                        0x00000000   Number         0  main.o ABSOLUTE
    _printf_flags                            0x00000000   Number         0  printf_stubs.o ABSOLUTE
    _printf_return_value                     0x00000000   Number         0  printf_stubs.o ABSOLUTE
    _printf_sizespec                         0x00000000   Number         0  printf_stubs.o ABSOLUTE
    _printf_widthprec                        0x00000000   Number         0  printf_stubs.o ABSOLUTE
    __ARM_exceptions_init                     - Undefined Weak Reference
    __alloca_initialize                       - Undefined Weak Reference
    __arm_fini_                               - Undefined Weak Reference
    __arm_preinit_                            - Undefined Weak Reference
    __cpp_initialize__aeabi_                  - Undefined Weak Reference
    __cxa_finalize                            - Undefined Weak Reference
    __sigvec_lookup                           - Undefined Weak Reference
    _atexit_init                              - Undefined Weak Reference
    _call_atexit_fns                          - Undefined Weak Reference
    _clock_init                               - Undefined Weak Reference
    _fp_trap_init                             - Undefined Weak Reference
    _fp_trap_shutdown                         - Undefined Weak Reference
    _get_lc_collate                           - Undefined Weak Reference
    _get_lc_monetary                          - Undefined Weak Reference
    _get_lc_time                              - Undefined Weak Reference
    _getenv_init                              - Undefined Weak Reference
    _handle_redirection                       - Undefined Weak Reference
    _init_alloc                               - Undefined Weak Reference
    _init_user_alloc                          - Undefined Weak Reference
    _initio                                   - Undefined Weak Reference
    _printf_mbtowc                            - Undefined Weak Reference
    _printf_wc                                - Undefined Weak Reference
    _rand_init                                - Undefined Weak Reference
    _signal_finish                            - Undefined Weak Reference
    _signal_init                              - Undefined Weak Reference
    _terminate_alloc                          - Undefined Weak Reference
    _terminate_user_alloc                     - Undefined Weak Reference
    _terminateio                              - Undefined Weak Reference
    __Vectors_Size                           0x000001c8   Number         0  startup_stm32f746xx.o ABSOLUTE
    __Vectors                                0x08000000   Data           4  startup_stm32f746xx.o(RESET)
    __Vectors_End                            0x080001c8   Data           0  startup_stm32f746xx.o(RESET)
    __main                                   0x080001c9   Thumb Code     8  __main.o(!!!main)
    __scatterload                            0x080001d1   Thumb Code     0  __scatter.o(!!!scatter)
    __scatterload_rt2                        0x080001d1   Thumb Code    44  __scatter.o(!!!scatter)
    __scatterload_rt2_thumb_only             0x080001d1   Thumb Code     0  __scatter.o(!!!scatter)
    __scatterload_null                       0x080001df   Thumb Code     0  __scatter.o(!!!scatter)
    __scatterload_copy                       0x08000205   Thumb Code    26  __scatter_copy.o(!!handler_copy)
    __scatterload_zeroinit                   0x08000221   Thumb Code    28  __scatter_zi.o(!!handler_zi)
    _printf_n                                0x0800023d   Thumb Code     0  _printf_n.o(.ARM.Collect$$_printf_percent$$00000001)
    _printf_percent                          0x0800023d   Thumb Code     0  _printf_percent.o(.ARM.Collect$$_printf_percent$$00000000)
    _printf_p                                0x08000243   Thumb Code     0  _printf_p.o(.ARM.Collect$$_printf_percent$$00000002)
    _printf_f                                0x08000249   Thumb Code     0  _printf_f.o(.ARM.Collect$$_printf_percent$$00000003)
    _printf_e                                0x0800024f   Thumb Code     0  _printf_e.o(.ARM.Collect$$_printf_percent$$00000004)
    _printf_g                                0x08000255   Thumb Code     0  _printf_g.o(.ARM.Collect$$_printf_percent$$00000005)
    _printf_a                                0x0800025b   Thumb Code     0  _printf_a.o(.ARM.Collect$$_printf_percent$$00000006)
    _printf_ll                               0x08000261   Thumb Code     0  _printf_ll.o(.ARM.Collect$$_printf_percent$$00000007)
    _printf_i                                0x0800026b   Thumb Code     0  _printf_i.o(.ARM.Collect$$_printf_percent$$00000008)
    _printf_d                                0x08000271   Thumb Code     0  _printf_d.o(.ARM.Collect$$_printf_percent$$00000009)
    _printf_u                                0x08000277   Thumb Code     0  _printf_u.o(.ARM.Collect$$_printf_percent$$0000000A)
    _printf_o                                0x0800027d   Thumb Code     0  _printf_o.o(.ARM.Collect$$_printf_percent$$0000000B)
    _printf_x                                0x08000283   Thumb Code     0  _printf_x.o(.ARM.Collect$$_printf_percent$$0000000C)
    _printf_lli                              0x08000289   Thumb Code     0  _printf_lli.o(.ARM.Collect$$_printf_percent$$0000000D)
    _printf_lld                              0x0800028f   Thumb Code     0  _printf_lld.o(.ARM.Collect$$_printf_percent$$0000000E)
    _printf_llu                              0x08000295   Thumb Code     0  _printf_llu.o(.ARM.Collect$$_printf_percent$$0000000F)
    _printf_llo                              0x0800029b   Thumb Code     0  _printf_llo.o(.ARM.Collect$$_printf_percent$$00000010)
    _printf_llx                              0x080002a1   Thumb Code     0  _printf_llx.o(.ARM.Collect$$_printf_percent$$00000011)
    _printf_l                                0x080002a7   Thumb Code     0  _printf_l.o(.ARM.Collect$$_printf_percent$$00000012)
    _printf_c                                0x080002b1   Thumb Code     0  _printf_c.o(.ARM.Collect$$_printf_percent$$00000013)
    _printf_s                                0x080002b7   Thumb Code     0  _printf_s.o(.ARM.Collect$$_printf_percent$$00000014)
    _printf_lc                               0x080002bd   Thumb Code     0  _printf_lc.o(.ARM.Collect$$_printf_percent$$00000015)
    _printf_ls                               0x080002c3   Thumb Code     0  _printf_ls.o(.ARM.Collect$$_printf_percent$$00000016)
    _printf_percent_end                      0x080002c9   Thumb Code     0  _printf_percent_end.o(.ARM.Collect$$_printf_percent$$00000017)
    __rt_lib_init                            0x080002cd   Thumb Code     0  libinit.o(.ARM.Collect$$libinit$$00000000)
    __rt_lib_init_fp_1                       0x080002cf   Thumb Code     0  libinit2.o(.ARM.Collect$$libinit$$00000001)
    __rt_lib_init_heap_1                     0x080002d3   Thumb Code     0  libinit2.o(.ARM.Collect$$libinit$$0000000A)
    __rt_lib_init_lc_common                  0x080002d3   Thumb Code     0  libinit2.o(.ARM.Collect$$libinit$$0000000F)
    __rt_lib_init_preinit_1                  0x080002d3   Thumb Code     0  libinit2.o(.ARM.Collect$$libinit$$00000004)
    __rt_lib_init_rand_1                     0x080002d3   Thumb Code     0  libinit2.o(.ARM.Collect$$libinit$$0000000E)
    __rt_lib_init_user_alloc_1               0x080002d3   Thumb Code     0  libinit2.o(.ARM.Collect$$libinit$$0000000C)
    __rt_lib_init_lc_collate_1               0x080002d9   Thumb Code     0  libinit2.o(.ARM.Collect$$libinit$$00000011)
    __rt_lib_init_lc_ctype_2                 0x080002d9   Thumb Code     0  libinit2.o(.ARM.Collect$$libinit$$00000012)
    __rt_lib_init_lc_ctype_1                 0x080002e5   Thumb Code     0  libinit2.o(.ARM.Collect$$libinit$$00000013)
    __rt_lib_init_lc_monetary_1              0x080002e5   Thumb Code     0  libinit2.o(.ARM.Collect$$libinit$$00000015)
    __rt_lib_init_lc_numeric_2               0x080002e5   Thumb Code     0  libinit2.o(.ARM.Collect$$libinit$$00000016)
    __rt_lib_init_alloca_1                   0x080002ef   Thumb Code     0  libinit2.o(.ARM.Collect$$libinit$$0000002E)
    __rt_lib_init_argv_1                     0x080002ef   Thumb Code     0  libinit2.o(.ARM.Collect$$libinit$$0000002C)
    __rt_lib_init_atexit_1                   0x080002ef   Thumb Code     0  libinit2.o(.ARM.Collect$$libinit$$0000001B)
    __rt_lib_init_clock_1                    0x080002ef   Thumb Code     0  libinit2.o(.ARM.Collect$$libinit$$00000021)
    __rt_lib_init_cpp_1                      0x080002ef   Thumb Code     0  libinit2.o(.ARM.Collect$$libinit$$00000032)
    __rt_lib_init_exceptions_1               0x080002ef   Thumb Code     0  libinit2.o(.ARM.Collect$$libinit$$00000030)
    __rt_lib_init_fp_trap_1                  0x080002ef   Thumb Code     0  libinit2.o(.ARM.Collect$$libinit$$0000001F)
    __rt_lib_init_getenv_1                   0x080002ef   Thumb Code     0  libinit2.o(.ARM.Collect$$libinit$$00000023)
    __rt_lib_init_lc_numeric_1               0x080002ef   Thumb Code     0  libinit2.o(.ARM.Collect$$libinit$$00000017)
    __rt_lib_init_lc_time_1                  0x080002ef   Thumb Code     0  libinit2.o(.ARM.Collect$$libinit$$00000019)
    __rt_lib_init_return                     0x080002ef   Thumb Code     0  libinit2.o(.ARM.Collect$$libinit$$00000033)
    __rt_lib_init_signal_1                   0x080002ef   Thumb Code     0  libinit2.o(.ARM.Collect$$libinit$$0000001D)
    __rt_lib_init_stdio_1                    0x080002ef   Thumb Code     0  libinit2.o(.ARM.Collect$$libinit$$00000025)
    __rt_lib_shutdown                        0x080002f1   Thumb Code     0  libshutdown.o(.ARM.Collect$$libshutdown$$00000000)
    __rt_lib_shutdown_cpp_1                  0x080002f3   Thumb Code     0  libshutdown2.o(.ARM.Collect$$libshutdown$$00000004)
    __rt_lib_shutdown_fini_1                 0x080002f3   Thumb Code     0  libshutdown2.o(.ARM.Collect$$libshutdown$$00000002)
    __rt_lib_shutdown_fp_trap_1              0x080002f3   Thumb Code     0  libshutdown2.o(.ARM.Collect$$libshutdown$$00000009)
    __rt_lib_shutdown_heap_1                 0x080002f3   Thumb Code     0  libshutdown2.o(.ARM.Collect$$libshutdown$$00000011)
    __rt_lib_shutdown_return                 0x080002f3   Thumb Code     0  libshutdown2.o(.ARM.Collect$$libshutdown$$00000012)
    __rt_lib_shutdown_signal_1               0x080002f3   Thumb Code     0  libshutdown2.o(.ARM.Collect$$libshutdown$$0000000C)
    __rt_lib_shutdown_stdio_1                0x080002f3   Thumb Code     0  libshutdown2.o(.ARM.Collect$$libshutdown$$00000006)
    __rt_lib_shutdown_user_alloc_1           0x080002f3   Thumb Code     0  libshutdown2.o(.ARM.Collect$$libshutdown$$0000000E)
    __rt_entry                               0x080002f5   Thumb Code     0  __rtentry.o(.ARM.Collect$$rtentry$$00000000)
    __rt_entry_presh_1                       0x080002f5   Thumb Code     0  __rtentry2.o(.ARM.Collect$$rtentry$$00000002)
    __rt_entry_sh                            0x080002f5   Thumb Code     0  __rtentry4.o(.ARM.Collect$$rtentry$$00000004)
    __rt_entry_li                            0x080002fb   Thumb Code     0  __rtentry2.o(.ARM.Collect$$rtentry$$0000000A)
    __rt_entry_postsh_1                      0x080002fb   Thumb Code     0  __rtentry2.o(.ARM.Collect$$rtentry$$00000009)
    __rt_entry_main                          0x080002ff   Thumb Code     0  __rtentry2.o(.ARM.Collect$$rtentry$$0000000D)
    __rt_entry_postli_1                      0x080002ff   Thumb Code     0  __rtentry2.o(.ARM.Collect$$rtentry$$0000000C)
    __rt_exit                                0x08000307   Thumb Code     0  rtexit.o(.ARM.Collect$$rtexit$$00000000)
    __rt_exit_ls                             0x08000309   Thumb Code     0  rtexit2.o(.ARM.Collect$$rtexit$$00000003)
    __rt_exit_prels_1                        0x08000309   Thumb Code     0  rtexit2.o(.ARM.Collect$$rtexit$$00000002)
    __rt_exit_exit                           0x0800030d   Thumb Code     0  rtexit2.o(.ARM.Collect$$rtexit$$00000004)
    Reset_Handler                            0x08000315   Thumb Code     8  startup_stm32f746xx.o(.text)
    ADC_IRQHandler                           0x0800032f   Thumb Code     0  startup_stm32f746xx.o(.text)
    CAN1_RX0_IRQHandler                      0x0800032f   Thumb Code     0  startup_stm32f746xx.o(.text)
    CAN1_RX1_IRQHandler                      0x0800032f   Thumb Code     0  startup_stm32f746xx.o(.text)
    CAN1_SCE_IRQHandler                      0x0800032f   Thumb Code     0  startup_stm32f746xx.o(.text)
    CAN1_TX_IRQHandler                       0x0800032f   Thumb Code     0  startup_stm32f746xx.o(.text)
    CAN2_RX0_IRQHandler                      0x0800032f   Thumb Code     0  startup_stm32f746xx.o(.text)
    CAN2_RX1_IRQHandler                      0x0800032f   Thumb Code     0  startup_stm32f746xx.o(.text)
    CAN2_SCE_IRQHandler                      0x0800032f   Thumb Code     0  startup_stm32f746xx.o(.text)
    CAN2_TX_IRQHandler                       0x0800032f   Thumb Code     0  startup_stm32f746xx.o(.text)
    CEC_IRQHandler                           0x0800032f   Thumb Code     0  startup_stm32f746xx.o(.text)
    DCMI_IRQHandler                          0x0800032f   Thumb Code     0  startup_stm32f746xx.o(.text)
    DMA1_Stream0_IRQHandler                  0x0800032f   Thumb Code     0  startup_stm32f746xx.o(.text)
    DMA1_Stream1_IRQHandler                  0x0800032f   Thumb Code     0  startup_stm32f746xx.o(.text)
    DMA1_Stream2_IRQHandler                  0x0800032f   Thumb Code     0  startup_stm32f746xx.o(.text)
    DMA1_Stream3_IRQHandler                  0x0800032f   Thumb Code     0  startup_stm32f746xx.o(.text)
    DMA1_Stream4_IRQHandler                  0x0800032f   Thumb Code     0  startup_stm32f746xx.o(.text)
    DMA1_Stream5_IRQHandler                  0x0800032f   Thumb Code     0  startup_stm32f746xx.o(.text)
    DMA1_Stream6_IRQHandler                  0x0800032f   Thumb Code     0  startup_stm32f746xx.o(.text)
    DMA1_Stream7_IRQHandler                  0x0800032f   Thumb Code     0  startup_stm32f746xx.o(.text)
    DMA2D_IRQHandler                         0x0800032f   Thumb Code     0  startup_stm32f746xx.o(.text)
    DMA2_Stream0_IRQHandler                  0x0800032f   Thumb Code     0  startup_stm32f746xx.o(.text)
    DMA2_Stream1_IRQHandler                  0x0800032f   Thumb Code     0  startup_stm32f746xx.o(.text)
    DMA2_Stream2_IRQHandler                  0x0800032f   Thumb Code     0  startup_stm32f746xx.o(.text)
    DMA2_Stream3_IRQHandler                  0x0800032f   Thumb Code     0  startup_stm32f746xx.o(.text)
    DMA2_Stream4_IRQHandler                  0x0800032f   Thumb Code     0  startup_stm32f746xx.o(.text)
    DMA2_Stream5_IRQHandler                  0x0800032f   Thumb Code     0  startup_stm32f746xx.o(.text)
    DMA2_Stream6_IRQHandler                  0x0800032f   Thumb Code     0  startup_stm32f746xx.o(.text)
    DMA2_Stream7_IRQHandler                  0x0800032f   Thumb Code     0  startup_stm32f746xx.o(.text)
    ETH_IRQHandler                           0x0800032f   Thumb Code     0  startup_stm32f746xx.o(.text)
    ETH_WKUP_IRQHandler                      0x0800032f   Thumb Code     0  startup_stm32f746xx.o(.text)
    EXTI0_IRQHandler                         0x0800032f   Thumb Code     0  startup_stm32f746xx.o(.text)
    EXTI15_10_IRQHandler                     0x0800032f   Thumb Code     0  startup_stm32f746xx.o(.text)
    EXTI1_IRQHandler                         0x0800032f   Thumb Code     0  startup_stm32f746xx.o(.text)
    EXTI2_IRQHandler                         0x0800032f   Thumb Code     0  startup_stm32f746xx.o(.text)
    EXTI3_IRQHandler                         0x0800032f   Thumb Code     0  startup_stm32f746xx.o(.text)
    EXTI4_IRQHandler                         0x0800032f   Thumb Code     0  startup_stm32f746xx.o(.text)
    EXTI9_5_IRQHandler                       0x0800032f   Thumb Code     0  startup_stm32f746xx.o(.text)
    FLASH_IRQHandler                         0x0800032f   Thumb Code     0  startup_stm32f746xx.o(.text)
    FMC_IRQHandler                           0x0800032f   Thumb Code     0  startup_stm32f746xx.o(.text)
    FPU_IRQHandler                           0x0800032f   Thumb Code     0  startup_stm32f746xx.o(.text)
    I2C1_ER_IRQHandler                       0x0800032f   Thumb Code     0  startup_stm32f746xx.o(.text)
    I2C1_EV_IRQHandler                       0x0800032f   Thumb Code     0  startup_stm32f746xx.o(.text)
    I2C2_ER_IRQHandler                       0x0800032f   Thumb Code     0  startup_stm32f746xx.o(.text)
    I2C2_EV_IRQHandler                       0x0800032f   Thumb Code     0  startup_stm32f746xx.o(.text)
    I2C3_ER_IRQHandler                       0x0800032f   Thumb Code     0  startup_stm32f746xx.o(.text)
    I2C3_EV_IRQHandler                       0x0800032f   Thumb Code     0  startup_stm32f746xx.o(.text)
    I2C4_ER_IRQHandler                       0x0800032f   Thumb Code     0  startup_stm32f746xx.o(.text)
    I2C4_EV_IRQHandler                       0x0800032f   Thumb Code     0  startup_stm32f746xx.o(.text)
    LPTIM1_IRQHandler                        0x0800032f   Thumb Code     0  startup_stm32f746xx.o(.text)
    LTDC_ER_IRQHandler                       0x0800032f   Thumb Code     0  startup_stm32f746xx.o(.text)
    LTDC_IRQHandler                          0x0800032f   Thumb Code     0  startup_stm32f746xx.o(.text)
    OTG_FS_IRQHandler                        0x0800032f   Thumb Code     0  startup_stm32f746xx.o(.text)
    OTG_FS_WKUP_IRQHandler                   0x0800032f   Thumb Code     0  startup_stm32f746xx.o(.text)
    OTG_HS_EP1_IN_IRQHandler                 0x0800032f   Thumb Code     0  startup_stm32f746xx.o(.text)
    OTG_HS_EP1_OUT_IRQHandler                0x0800032f   Thumb Code     0  startup_stm32f746xx.o(.text)
    OTG_HS_IRQHandler                        0x0800032f   Thumb Code     0  startup_stm32f746xx.o(.text)
    OTG_HS_WKUP_IRQHandler                   0x0800032f   Thumb Code     0  startup_stm32f746xx.o(.text)
    PVD_IRQHandler                           0x0800032f   Thumb Code     0  startup_stm32f746xx.o(.text)
    QUADSPI_IRQHandler                       0x0800032f   Thumb Code     0  startup_stm32f746xx.o(.text)
    RCC_IRQHandler                           0x0800032f   Thumb Code     0  startup_stm32f746xx.o(.text)
    RNG_IRQHandler                           0x0800032f   Thumb Code     0  startup_stm32f746xx.o(.text)
    RTC_Alarm_IRQHandler                     0x0800032f   Thumb Code     0  startup_stm32f746xx.o(.text)
    RTC_WKUP_IRQHandler                      0x0800032f   Thumb Code     0  startup_stm32f746xx.o(.text)
    SAI1_IRQHandler                          0x0800032f   Thumb Code     0  startup_stm32f746xx.o(.text)
    SAI2_IRQHandler                          0x0800032f   Thumb Code     0  startup_stm32f746xx.o(.text)
    SDMMC1_IRQHandler                        0x0800032f   Thumb Code     0  startup_stm32f746xx.o(.text)
    SPDIF_RX_IRQHandler                      0x0800032f   Thumb Code     0  startup_stm32f746xx.o(.text)
    SPI1_IRQHandler                          0x0800032f   Thumb Code     0  startup_stm32f746xx.o(.text)
    SPI2_IRQHandler                          0x0800032f   Thumb Code     0  startup_stm32f746xx.o(.text)
    SPI3_IRQHandler                          0x0800032f   Thumb Code     0  startup_stm32f746xx.o(.text)
    SPI4_IRQHandler                          0x0800032f   Thumb Code     0  startup_stm32f746xx.o(.text)
    SPI5_IRQHandler                          0x0800032f   Thumb Code     0  startup_stm32f746xx.o(.text)
    SPI6_IRQHandler                          0x0800032f   Thumb Code     0  startup_stm32f746xx.o(.text)
    TAMP_STAMP_IRQHandler                    0x0800032f   Thumb Code     0  startup_stm32f746xx.o(.text)
    TIM1_BRK_TIM9_IRQHandler                 0x0800032f   Thumb Code     0  startup_stm32f746xx.o(.text)
    TIM1_CC_IRQHandler                       0x0800032f   Thumb Code     0  startup_stm32f746xx.o(.text)
    TIM1_TRG_COM_TIM11_IRQHandler            0x0800032f   Thumb Code     0  startup_stm32f746xx.o(.text)
    TIM1_UP_TIM10_IRQHandler                 0x0800032f   Thumb Code     0  startup_stm32f746xx.o(.text)
    TIM2_IRQHandler                          0x0800032f   Thumb Code     0  startup_stm32f746xx.o(.text)
    TIM3_IRQHandler                          0x0800032f   Thumb Code     0  startup_stm32f746xx.o(.text)
    TIM4_IRQHandler                          0x0800032f   Thumb Code     0  startup_stm32f746xx.o(.text)
    TIM5_IRQHandler                          0x0800032f   Thumb Code     0  startup_stm32f746xx.o(.text)
    TIM6_DAC_IRQHandler                      0x0800032f   Thumb Code     0  startup_stm32f746xx.o(.text)
    TIM7_IRQHandler                          0x0800032f   Thumb Code     0  startup_stm32f746xx.o(.text)
    TIM8_BRK_TIM12_IRQHandler                0x0800032f   Thumb Code     0  startup_stm32f746xx.o(.text)
    TIM8_CC_IRQHandler                       0x0800032f   Thumb Code     0  startup_stm32f746xx.o(.text)
    TIM8_TRG_COM_TIM14_IRQHandler            0x0800032f   Thumb Code     0  startup_stm32f746xx.o(.text)
    TIM8_UP_TIM13_IRQHandler                 0x0800032f   Thumb Code     0  startup_stm32f746xx.o(.text)
    UART4_IRQHandler                         0x0800032f   Thumb Code     0  startup_stm32f746xx.o(.text)
    UART5_IRQHandler                         0x0800032f   Thumb Code     0  startup_stm32f746xx.o(.text)
    UART7_IRQHandler                         0x0800032f   Thumb Code     0  startup_stm32f746xx.o(.text)
    UART8_IRQHandler                         0x0800032f   Thumb Code     0  startup_stm32f746xx.o(.text)
    USART1_IRQHandler                        0x0800032f   Thumb Code     0  startup_stm32f746xx.o(.text)
    USART2_IRQHandler                        0x0800032f   Thumb Code     0  startup_stm32f746xx.o(.text)
    USART3_IRQHandler                        0x0800032f   Thumb Code     0  startup_stm32f746xx.o(.text)
    USART6_IRQHandler                        0x0800032f   Thumb Code     0  startup_stm32f746xx.o(.text)
    WWDG_IRQHandler                          0x0800032f   Thumb Code     0  startup_stm32f746xx.o(.text)
    __user_initial_stackheap                 0x08000331   Thumb Code     0  startup_stm32f746xx.o(.text)
    __aeabi_uldivmod                         0x08000355   Thumb Code     0  lludivv7m.o(.text)
    _ll_udiv                                 0x08000355   Thumb Code   238  lludivv7m.o(.text)
    sprintf                                  0x08000445   Thumb Code    38  sprintf.o(.text)
    strlen                                   0x08000471   Thumb Code    62  strlen.o(.text)
    strcat                                   0x080004af   Thumb Code    24  strcat.o(.text)
    __aeabi_memclr4                          0x080004c7   Thumb Code     0  rt_memclr_w.o(.text)
    __aeabi_memclr8                          0x080004c7   Thumb Code     0  rt_memclr_w.o(.text)
    __rt_memclr_w                            0x080004c7   Thumb Code    78  rt_memclr_w.o(.text)
    _memset_w                                0x080004cb   Thumb Code     0  rt_memclr_w.o(.text)
    __use_two_region_memory                  0x08000515   Thumb Code     2  heapauxi.o(.text)
    __rt_heap_escrow$2region                 0x08000517   Thumb Code     2  heapauxi.o(.text)
    __rt_heap_expand$2region                 0x08000519   Thumb Code     2  heapauxi.o(.text)
    _printf_pre_padding                      0x0800051b   Thumb Code    44  _printf_pad.o(.text)
    _printf_post_padding                     0x08000547   Thumb Code    34  _printf_pad.o(.text)
    _printf_truncate_signed                  0x08000569   Thumb Code    18  _printf_truncate.o(.text)
    _printf_truncate_unsigned                0x0800057b   Thumb Code    18  _printf_truncate.o(.text)
    _printf_str                              0x0800058d   Thumb Code    82  _printf_str.o(.text)
    _printf_int_dec                          0x080005e1   Thumb Code   104  _printf_dec.o(.text)
    _printf_charcount                        0x08000659   Thumb Code    40  _printf_charcount.o(.text)
    _printf_char_common                      0x0800068b   Thumb Code    32  _printf_char_common.o(.text)
    _sputc                                   0x080006b1   Thumb Code    10  _sputc.o(.text)
    _printf_wctomb                           0x080006bd   Thumb Code   182  _printf_wctomb.o(.text)
    _printf_longlong_dec                     0x08000779   Thumb Code   108  _printf_longlong_dec.o(.text)
    _printf_longlong_oct                     0x080007f5   Thumb Code    66  _printf_oct_int_ll.o(.text)
    _printf_int_oct                          0x08000837   Thumb Code    24  _printf_oct_int_ll.o(.text)
    _printf_ll_oct                           0x0800084f   Thumb Code    12  _printf_oct_int_ll.o(.text)
    _printf_longlong_hex                     0x08000865   Thumb Code    86  _printf_hex_int_ll_ptr.o(.text)
    _printf_int_hex                          0x080008bb   Thumb Code    28  _printf_hex_int_ll_ptr.o(.text)
    _printf_ll_hex                           0x080008d7   Thumb Code    12  _printf_hex_int_ll_ptr.o(.text)
    _printf_hex_ptr                          0x080008e3   Thumb Code    18  _printf_hex_int_ll_ptr.o(.text)
    __printf                                 0x080008f9   Thumb Code   388  __printf_flags_ss_wp.o(.text)
    _ll_udiv10                               0x08000a81   Thumb Code   138  lludiv10.o(.text)
    _printf_int_common                       0x08000b0b   Thumb Code   178  _printf_intcommon.o(.text)
    __lib_sel_fp_printf                      0x08000bbd   Thumb Code     2  _printf_fp_dec.o(.text)
    _printf_fp_dec_real                      0x08000d6f   Thumb Code   620  _printf_fp_dec.o(.text)
    _printf_fp_hex_real                      0x08000fdd   Thumb Code   756  _printf_fp_hex.o(.text)
    _printf_cs_common                        0x080012d9   Thumb Code    20  _printf_char.o(.text)
    _printf_char                             0x080012ed   Thumb Code    16  _printf_char.o(.text)
    _printf_string                           0x080012fd   Thumb Code     8  _printf_char.o(.text)
    _printf_lcs_common                       0x08001305   Thumb Code    20  _printf_wchar.o(.text)
    _printf_wchar                            0x08001319   Thumb Code    16  _printf_wchar.o(.text)
    _printf_wstring                          0x08001329   Thumb Code     8  _printf_wchar.o(.text)
    _wcrtomb                                 0x08001331   Thumb Code    64  _wcrtomb.o(.text)
    __user_setup_stackheap                   0x08001371   Thumb Code    74  sys_stackheap_outer.o(.text)
    __rt_ctype_table                         0x080013bd   Thumb Code    16  rt_ctype_table.o(.text)
    __rt_locale                              0x080013cd   Thumb Code     8  rt_locale_intlibspace.o(.text)
    _printf_fp_infnan                        0x080013d5   Thumb Code   112  _printf_fp_infnan.o(.text)
    _btod_etento                             0x08001455   Thumb Code   224  bigflt0.o(.text)
    exit                                     0x08001539   Thumb Code    18  exit.o(.text)
    __user_libspace                          0x0800154d   Thumb Code     8  libspace.o(.text)
    __user_perproc_libspace                  0x0800154d   Thumb Code     0  libspace.o(.text)
    __user_perthread_libspace                0x0800154d   Thumb Code     0  libspace.o(.text)
    strcmp                                   0x08001555   Thumb Code   104  strcmpv7m_pel.o(.text)
    _sys_exit                                0x080015bd   Thumb Code     8  sys_exit.o(.text)
    __I$use$semihosting                      0x080015c9   Thumb Code     0  use_no_semi.o(.text)
    __use_no_semihosting_swi                 0x080015c9   Thumb Code     2  use_no_semi.o(.text)
    __semihosting_library_function           0x080015cb   Thumb Code     0  indicate_semi.o(.text)
    _btod_d2e                                0x080015cb   Thumb Code    62  btod.o(CL$$btod_d2e)
    _d2e_denorm_low                          0x08001609   Thumb Code    70  btod.o(CL$$btod_d2e_denorm_low)
    _d2e_norm_op1                            0x0800164f   Thumb Code    96  btod.o(CL$$btod_d2e_norm_op1)
    __btod_div_common                        0x080016af   Thumb Code   696  btod.o(CL$$btod_div_common)
    _e2e                                     0x080019e7   Thumb Code   220  btod.o(CL$$btod_e2e)
    _btod_ediv                               0x08001ac3   Thumb Code    42  btod.o(CL$$btod_ediv)
    _btod_emul                               0x08001aed   Thumb Code    42  btod.o(CL$$btod_emul)
    __btod_mult_common                       0x08001b17   Thumb Code   580  btod.o(CL$$btod_mult_common)
    BusFault_Handler                         0x08001d5b   Thumb Code     2  stm32f7xx_it.o(i.BusFault_Handler)
    DebugMon_Handler                         0x08001d5d   Thumb Code     2  stm32f7xx_it.o(i.DebugMon_Handler)
    Error_Handler                            0x08001d5f   Thumb Code     4  main.o(i.Error_Handler)
    HAL_CRCEx_Polynomial_Set                 0x08001d63   Thumb Code    78  stm32f7xx_hal_crc_ex.o(i.HAL_CRCEx_Polynomial_Set)
    HAL_CRC_Init                             0x08001db1   Thumb Code   114  stm32f7xx_hal_crc.o(i.HAL_CRC_Init)
    HAL_CRC_MspInit                          0x08001e29   Thumb Code    30  stm32f7xx_hal_msp.o(i.HAL_CRC_MspInit)
    HAL_GPIO_Init                            0x08001e51   Thumb Code   530  stm32f7xx_hal_gpio.o(i.HAL_GPIO_Init)
    HAL_GPIO_ReadPin                         0x08002099   Thumb Code    10  stm32f7xx_hal_gpio.o(i.HAL_GPIO_ReadPin)
    HAL_GPIO_WritePin                        0x080020a3   Thumb Code    10  stm32f7xx_hal_gpio.o(i.HAL_GPIO_WritePin)
    HAL_GetTick                              0x080020ad   Thumb Code     6  stm32f7xx_hal.o(i.HAL_GetTick)
    HAL_IncTick                              0x080020b9   Thumb Code    12  stm32f7xx_hal.o(i.HAL_IncTick)
    HAL_Init                                 0x080020c9   Thumb Code    22  stm32f7xx_hal.o(i.HAL_Init)
    HAL_InitTick                             0x080020e1   Thumb Code    54  stm32f7xx_hal.o(i.HAL_InitTick)
    HAL_MPU_ConfigRegion                     0x08002121   Thumb Code    86  stm32f7xx_hal_cortex.o(i.HAL_MPU_ConfigRegion)
    HAL_MPU_Disable                          0x0800217d   Thumb Code    24  stm32f7xx_hal_cortex.o(i.HAL_MPU_Disable)
    HAL_MPU_Enable                           0x08002199   Thumb Code    30  stm32f7xx_hal_cortex.o(i.HAL_MPU_Enable)
    HAL_MspInit                              0x080021bd   Thumb Code    42  stm32f7xx_hal_msp.o(i.HAL_MspInit)
    HAL_NVIC_SetPriority                     0x080021ed   Thumb Code    60  stm32f7xx_hal_cortex.o(i.HAL_NVIC_SetPriority)
    HAL_NVIC_SetPriorityGrouping             0x0800222d   Thumb Code    28  stm32f7xx_hal_cortex.o(i.HAL_NVIC_SetPriorityGrouping)
    HAL_PWREx_EnableOverDrive                0x08002251   Thumb Code   100  stm32f7xx_hal_pwr_ex.o(i.HAL_PWREx_EnableOverDrive)
    HAL_RCCEx_PeriphCLKConfig                0x080022bd   Thumb Code  1276  stm32f7xx_hal_rcc_ex.o(i.HAL_RCCEx_PeriphCLKConfig)
    HAL_RCC_ClockConfig                      0x080027b9   Thumb Code   284  stm32f7xx_hal_rcc.o(i.HAL_RCC_ClockConfig)
    HAL_RCC_GetPCLK1Freq                     0x080028e9   Thumb Code    20  stm32f7xx_hal_rcc.o(i.HAL_RCC_GetPCLK1Freq)
    HAL_RCC_GetPCLK2Freq                     0x08002909   Thumb Code    20  stm32f7xx_hal_rcc.o(i.HAL_RCC_GetPCLK2Freq)
    HAL_RCC_GetSysClockFreq                  0x08002929   Thumb Code    88  stm32f7xx_hal_rcc.o(i.HAL_RCC_GetSysClockFreq)
    HAL_RCC_OscConfig                        0x0800298d   Thumb Code   888  stm32f7xx_hal_rcc.o(i.HAL_RCC_OscConfig)
    HAL_SYSTICK_Config                       0x08002d11   Thumb Code    38  stm32f7xx_hal_cortex.o(i.HAL_SYSTICK_Config)
    HAL_UART_Init                            0x08002d37   Thumb Code   102  stm32f7xx_hal_uart.o(i.HAL_UART_Init)
    HAL_UART_MspInit                         0x08002d9d   Thumb Code   190  stm32f7xx_hal_msp.o(i.HAL_UART_MspInit)
    HAL_UART_Transmit                        0x08002e6d   Thumb Code   184  stm32f7xx_hal_uart.o(i.HAL_UART_Transmit)
    HardFault_Handler                        0x08002f25   Thumb Code     2  stm32f7xx_it.o(i.HardFault_Handler)
    MemManage_Handler                        0x0800301d   Thumb Code     2  stm32f7xx_it.o(i.MemManage_Handler)
    NMI_Handler                              0x0800301f   Thumb Code     2  stm32f7xx_it.o(i.NMI_Handler)
    PendSV_Handler                           0x08003021   Thumb Code     2  stm32f7xx_it.o(i.PendSV_Handler)
    SVC_Handler                              0x08003023   Thumb Code     2  stm32f7xx_it.o(i.SVC_Handler)
    SysTick_Handler                          0x08003025   Thumb Code     4  stm32f7xx_it.o(i.SysTick_Handler)
    SystemClock_Config                       0x08003029   Thumb Code   150  main.o(i.SystemClock_Config)
    SystemInit                               0x080030c9   Thumb Code    12  system_stm32f7xx.o(i.SystemInit)
    UART_AdvFeatureConfig                    0x080030d9   Thumb Code   200  stm32f7xx_hal_uart.o(i.UART_AdvFeatureConfig)
    UART_CheckIdleState                      0x080031a1   Thumb Code    64  stm32f7xx_hal_uart.o(i.UART_CheckIdleState)
    UART_SetConfig                           0x080031e1   Thumb Code   516  stm32f7xx_hal_uart.o(i.UART_SetConfig)
    UART_WaitOnFlagUntilTimeout              0x08003411   Thumb Code   202  stm32f7xx_hal_uart.o(i.UART_WaitOnFlagUntilTimeout)
    UsageFault_Handler                       0x080034db   Thumb Code     2  stm32f7xx_it.o(i.UsageFault_Handler)
    __ARM_fpclassify                         0x080034dd   Thumb Code    48  fpclassify.o(i.__ARM_fpclassify)
    _is_digit                                0x0800352f   Thumb Code    14  __printf_wp.o(i._is_digit)
    bootloader_init                          0x0800353d   Thumb Code    50  boot.o(i.bootloader_init)
    bootloader_jump_user_app                 0x080035a5   Thumb Code    30  boot.o(i.bootloader_jump_user_app)
    main                                     0x080035e5   Thumb Code   128  main.o(i.main)
    st_printf                                0x0800366d   Thumb Code    54  main.o(i.st_printf)
    _get_lc_numeric                          0x080036ad   Thumb Code    44  lc_numeric_c.o(locale$$code)
    _get_lc_ctype                            0x080036d9   Thumb Code    44  lc_ctype_c.o(locale$$code)
    _fp_init                                 0x08003705   Thumb Code    10  fpinit.o(x$fpl$fpinit)
    __fplib_config_fpu_vfp                   0x0800370d   Thumb Code     0  fpinit.o(x$fpl$fpinit)
    __fplib_config_pureend_doubles           0x0800370d   Thumb Code     0  fpinit.o(x$fpl$fpinit)
    _printf_fp_dec                           0x0800370f   Thumb Code     4  printf1.o(x$fpl$printf1)
    _printf_fp_hex                           0x08003713   Thumb Code     4  printf2.o(x$fpl$printf2)
    AHBPrescTable                            0x08003716   Data          16  system_stm32f7xx.o(.constdata)
    __I$use$fp                               0x08003716   Number         0  usenofp.o(x$fpl$usenofp)
    APBPrescTable                            0x08003726   Data           8  system_stm32f7xx.o(.constdata)
    Region$$Table$$Base                      0x0800382c   Number         0  anon$$obj.o(Region$$Table)
    Region$$Table$$Limit                     0x0800384c   Number         0  anon$$obj.o(Region$$Table)
    __ctype                                  0x08003875   Data           0  lc_ctype_c.o(locale$$data)
    uwTickFreq                               0x20000000   Data           1  stm32f7xx_hal.o(.data)
    uwTickPrio                               0x20000004   Data           4  stm32f7xx_hal.o(.data)
    uwTick                                   0x20000008   Data           4  stm32f7xx_hal.o(.data)
    SystemCoreClock                          0x2000000c   Data           4  system_stm32f7xx.o(.data)
    hcrc                                     0x20000010   Data          36  main.o(.bss)
    huart2                                   0x20000034   Data         132  main.o(.bss)
    huart3                                   0x200000b8   Data         132  main.o(.bss)
    __libspace_start                         0x2000013c   Data          96  libspace.o(.bss)
    __temporary_stack_top$libspace           0x2000019c   Data           0  libspace.o(.bss)



==============================================================================

Memory Map of the image

  Image Entry point : 0x080001c9

  Load Region LR_IROM1 (Base: 0x08000000, Size: 0x00003988, Max: 0x00100000, ABSOLUTE)

    Execution Region ER_IROM1 (Exec base: 0x08000000, Load base: 0x08000000, Size: 0x00003978, Max: 0x00100000, ABSOLUTE)

    Exec Addr    Load Addr    Size         Type   Attr      Idx    E Section Name        Object

    0x08000000   0x08000000   0x000001c8   Data   RO            3    RESET               startup_stm32f746xx.o
    0x080001c8   0x080001c8   0x00000008   Code   RO         2659  * !!!main             c_w.l(__main.o)
    0x080001d0   0x080001d0   0x00000034   Code   RO         2992    !!!scatter          c_w.l(__scatter.o)
    0x08000204   0x08000204   0x0000001a   Code   RO         2994    !!handler_copy      c_w.l(__scatter_copy.o)
    0x0800021e   0x0800021e   0x00000002   PAD
    0x08000220   0x08000220   0x0000001c   Code   RO         2996    !!handler_zi        c_w.l(__scatter_zi.o)
    0x0800023c   0x0800023c   0x00000000   Code   RO         2747    .ARM.Collect$$_printf_percent$$00000000  c_w.l(_printf_percent.o)
    0x0800023c   0x0800023c   0x00000006   Code   RO         2736    .ARM.Collect$$_printf_percent$$00000001  c_w.l(_printf_n.o)
    0x08000242   0x08000242   0x00000006   Code   RO         2738    .ARM.Collect$$_printf_percent$$00000002  c_w.l(_printf_p.o)
    0x08000248   0x08000248   0x00000006   Code   RO         2743    .ARM.Collect$$_printf_percent$$00000003  c_w.l(_printf_f.o)
    0x0800024e   0x0800024e   0x00000006   Code   RO         2744    .ARM.Collect$$_printf_percent$$00000004  c_w.l(_printf_e.o)
    0x08000254   0x08000254   0x00000006   Code   RO         2745    .ARM.Collect$$_printf_percent$$00000005  c_w.l(_printf_g.o)
    0x0800025a   0x0800025a   0x00000006   Code   RO         2746    .ARM.Collect$$_printf_percent$$00000006  c_w.l(_printf_a.o)
    0x08000260   0x08000260   0x0000000a   Code   RO         2751    .ARM.Collect$$_printf_percent$$00000007  c_w.l(_printf_ll.o)
    0x0800026a   0x0800026a   0x00000006   Code   RO         2740    .ARM.Collect$$_printf_percent$$00000008  c_w.l(_printf_i.o)
    0x08000270   0x08000270   0x00000006   Code   RO         2741    .ARM.Collect$$_printf_percent$$00000009  c_w.l(_printf_d.o)
    0x08000276   0x08000276   0x00000006   Code   RO         2742    .ARM.Collect$$_printf_percent$$0000000A  c_w.l(_printf_u.o)
    0x0800027c   0x0800027c   0x00000006   Code   RO         2739    .ARM.Collect$$_printf_percent$$0000000B  c_w.l(_printf_o.o)
    0x08000282   0x08000282   0x00000006   Code   RO         2737    .ARM.Collect$$_printf_percent$$0000000C  c_w.l(_printf_x.o)
    0x08000288   0x08000288   0x00000006   Code   RO         2748    .ARM.Collect$$_printf_percent$$0000000D  c_w.l(_printf_lli.o)
    0x0800028e   0x0800028e   0x00000006   Code   RO         2749    .ARM.Collect$$_printf_percent$$0000000E  c_w.l(_printf_lld.o)
    0x08000294   0x08000294   0x00000006   Code   RO         2750    .ARM.Collect$$_printf_percent$$0000000F  c_w.l(_printf_llu.o)
    0x0800029a   0x0800029a   0x00000006   Code   RO         2755    .ARM.Collect$$_printf_percent$$00000010  c_w.l(_printf_llo.o)
    0x080002a0   0x080002a0   0x00000006   Code   RO         2756    .ARM.Collect$$_printf_percent$$00000011  c_w.l(_printf_llx.o)
    0x080002a6   0x080002a6   0x0000000a   Code   RO         2752    .ARM.Collect$$_printf_percent$$00000012  c_w.l(_printf_l.o)
    0x080002b0   0x080002b0   0x00000006   Code   RO         2734    .ARM.Collect$$_printf_percent$$00000013  c_w.l(_printf_c.o)
    0x080002b6   0x080002b6   0x00000006   Code   RO         2735    .ARM.Collect$$_printf_percent$$00000014  c_w.l(_printf_s.o)
    0x080002bc   0x080002bc   0x00000006   Code   RO         2753    .ARM.Collect$$_printf_percent$$00000015  c_w.l(_printf_lc.o)
    0x080002c2   0x080002c2   0x00000006   Code   RO         2754    .ARM.Collect$$_printf_percent$$00000016  c_w.l(_printf_ls.o)
    0x080002c8   0x080002c8   0x00000004   Code   RO         2797    .ARM.Collect$$_printf_percent$$00000017  c_w.l(_printf_percent_end.o)
    0x080002cc   0x080002cc   0x00000002   Code   RO         2850    .ARM.Collect$$libinit$$00000000  c_w.l(libinit.o)
    0x080002ce   0x080002ce   0x00000004   Code   RO         2872    .ARM.Collect$$libinit$$00000001  c_w.l(libinit2.o)
    0x080002d2   0x080002d2   0x00000000   Code   RO         2875    .ARM.Collect$$libinit$$00000004  c_w.l(libinit2.o)
    0x080002d2   0x080002d2   0x00000000   Code   RO         2878    .ARM.Collect$$libinit$$0000000A  c_w.l(libinit2.o)
    0x080002d2   0x080002d2   0x00000000   Code   RO         2880    .ARM.Collect$$libinit$$0000000C  c_w.l(libinit2.o)
    0x080002d2   0x080002d2   0x00000000   Code   RO         2882    .ARM.Collect$$libinit$$0000000E  c_w.l(libinit2.o)
    0x080002d2   0x080002d2   0x00000006   Code   RO         2883    .ARM.Collect$$libinit$$0000000F  c_w.l(libinit2.o)
    0x080002d8   0x080002d8   0x00000000   Code   RO         2885    .ARM.Collect$$libinit$$00000011  c_w.l(libinit2.o)
    0x080002d8   0x080002d8   0x0000000c   Code   RO         2886    .ARM.Collect$$libinit$$00000012  c_w.l(libinit2.o)
    0x080002e4   0x080002e4   0x00000000   Code   RO         2887    .ARM.Collect$$libinit$$00000013  c_w.l(libinit2.o)
    0x080002e4   0x080002e4   0x00000000   Code   RO         2889    .ARM.Collect$$libinit$$00000015  c_w.l(libinit2.o)
    0x080002e4   0x080002e4   0x0000000a   Code   RO         2890    .ARM.Collect$$libinit$$00000016  c_w.l(libinit2.o)
    0x080002ee   0x080002ee   0x00000000   Code   RO         2891    .ARM.Collect$$libinit$$00000017  c_w.l(libinit2.o)
    0x080002ee   0x080002ee   0x00000000   Code   RO         2893    .ARM.Collect$$libinit$$00000019  c_w.l(libinit2.o)
    0x080002ee   0x080002ee   0x00000000   Code   RO         2895    .ARM.Collect$$libinit$$0000001B  c_w.l(libinit2.o)
    0x080002ee   0x080002ee   0x00000000   Code   RO         2897    .ARM.Collect$$libinit$$0000001D  c_w.l(libinit2.o)
    0x080002ee   0x080002ee   0x00000000   Code   RO         2899    .ARM.Collect$$libinit$$0000001F  c_w.l(libinit2.o)
    0x080002ee   0x080002ee   0x00000000   Code   RO         2901    .ARM.Collect$$libinit$$00000021  c_w.l(libinit2.o)
    0x080002ee   0x080002ee   0x00000000   Code   RO         2903    .ARM.Collect$$libinit$$00000023  c_w.l(libinit2.o)
    0x080002ee   0x080002ee   0x00000000   Code   RO         2905    .ARM.Collect$$libinit$$00000025  c_w.l(libinit2.o)
    0x080002ee   0x080002ee   0x00000000   Code   RO         2909    .ARM.Collect$$libinit$$0000002C  c_w.l(libinit2.o)
    0x080002ee   0x080002ee   0x00000000   Code   RO         2911    .ARM.Collect$$libinit$$0000002E  c_w.l(libinit2.o)
    0x080002ee   0x080002ee   0x00000000   Code   RO         2913    .ARM.Collect$$libinit$$00000030  c_w.l(libinit2.o)
    0x080002ee   0x080002ee   0x00000000   Code   RO         2915    .ARM.Collect$$libinit$$00000032  c_w.l(libinit2.o)
    0x080002ee   0x080002ee   0x00000002   Code   RO         2916    .ARM.Collect$$libinit$$00000033  c_w.l(libinit2.o)
    0x080002f0   0x080002f0   0x00000002   Code   RO         2947    .ARM.Collect$$libshutdown$$00000000  c_w.l(libshutdown.o)
    0x080002f2   0x080002f2   0x00000000   Code   RO         2973    .ARM.Collect$$libshutdown$$00000002  c_w.l(libshutdown2.o)
    0x080002f2   0x080002f2   0x00000000   Code   RO         2975    .ARM.Collect$$libshutdown$$00000004  c_w.l(libshutdown2.o)
    0x080002f2   0x080002f2   0x00000000   Code   RO         2977    .ARM.Collect$$libshutdown$$00000006  c_w.l(libshutdown2.o)
    0x080002f2   0x080002f2   0x00000000   Code   RO         2980    .ARM.Collect$$libshutdown$$00000009  c_w.l(libshutdown2.o)
    0x080002f2   0x080002f2   0x00000000   Code   RO         2983    .ARM.Collect$$libshutdown$$0000000C  c_w.l(libshutdown2.o)
    0x080002f2   0x080002f2   0x00000000   Code   RO         2985    .ARM.Collect$$libshutdown$$0000000E  c_w.l(libshutdown2.o)
    0x080002f2   0x080002f2   0x00000000   Code   RO         2988    .ARM.Collect$$libshutdown$$00000011  c_w.l(libshutdown2.o)
    0x080002f2   0x080002f2   0x00000002   Code   RO         2989    .ARM.Collect$$libshutdown$$00000012  c_w.l(libshutdown2.o)
    0x080002f4   0x080002f4   0x00000000   Code   RO         2661    .ARM.Collect$$rtentry$$00000000  c_w.l(__rtentry.o)
    0x080002f4   0x080002f4   0x00000000   Code   RO         2766    .ARM.Collect$$rtentry$$00000002  c_w.l(__rtentry2.o)
    0x080002f4   0x080002f4   0x00000006   Code   RO         2778    .ARM.Collect$$rtentry$$00000004  c_w.l(__rtentry4.o)
    0x080002fa   0x080002fa   0x00000000   Code   RO         2768    .ARM.Collect$$rtentry$$00000009  c_w.l(__rtentry2.o)
    0x080002fa   0x080002fa   0x00000004   Code   RO         2769    .ARM.Collect$$rtentry$$0000000A  c_w.l(__rtentry2.o)
    0x080002fe   0x080002fe   0x00000000   Code   RO         2771    .ARM.Collect$$rtentry$$0000000C  c_w.l(__rtentry2.o)
    0x080002fe   0x080002fe   0x00000008   Code   RO         2772    .ARM.Collect$$rtentry$$0000000D  c_w.l(__rtentry2.o)
    0x08000306   0x08000306   0x00000002   Code   RO         2859    .ARM.Collect$$rtexit$$00000000  c_w.l(rtexit.o)
    0x08000308   0x08000308   0x00000000   Code   RO         2920    .ARM.Collect$$rtexit$$00000002  c_w.l(rtexit2.o)
    0x08000308   0x08000308   0x00000004   Code   RO         2921    .ARM.Collect$$rtexit$$00000003  c_w.l(rtexit2.o)
    0x0800030c   0x0800030c   0x00000006   Code   RO         2922    .ARM.Collect$$rtexit$$00000004  c_w.l(rtexit2.o)
    0x08000312   0x08000312   0x00000002   PAD
    0x08000314   0x08000314   0x00000040   Code   RO            4    .text               startup_stm32f746xx.o
    0x08000354   0x08000354   0x000000ee   Code   RO         2647    .text               c_w.l(lludivv7m.o)
    0x08000442   0x08000442   0x00000002   PAD
    0x08000444   0x08000444   0x0000002c   Code   RO         2649    .text               c_w.l(sprintf.o)
    0x08000470   0x08000470   0x0000003e   Code   RO         2651    .text               c_w.l(strlen.o)
    0x080004ae   0x080004ae   0x00000018   Code   RO         2653    .text               c_w.l(strcat.o)
    0x080004c6   0x080004c6   0x0000004e   Code   RO         2655    .text               c_w.l(rt_memclr_w.o)
    0x08000514   0x08000514   0x00000006   Code   RO         2657    .text               c_w.l(heapauxi.o)
    0x0800051a   0x0800051a   0x0000004e   Code   RO         2668    .text               c_w.l(_printf_pad.o)
    0x08000568   0x08000568   0x00000024   Code   RO         2670    .text               c_w.l(_printf_truncate.o)
    0x0800058c   0x0800058c   0x00000052   Code   RO         2672    .text               c_w.l(_printf_str.o)
    0x080005de   0x080005de   0x00000002   PAD
    0x080005e0   0x080005e0   0x00000078   Code   RO         2674    .text               c_w.l(_printf_dec.o)
    0x08000658   0x08000658   0x00000028   Code   RO         2676    .text               c_w.l(_printf_charcount.o)
    0x08000680   0x08000680   0x00000030   Code   RO         2678    .text               c_w.l(_printf_char_common.o)
    0x080006b0   0x080006b0   0x0000000a   Code   RO         2680    .text               c_w.l(_sputc.o)
    0x080006ba   0x080006ba   0x00000002   PAD
    0x080006bc   0x080006bc   0x000000bc   Code   RO         2682    .text               c_w.l(_printf_wctomb.o)
    0x08000778   0x08000778   0x0000007c   Code   RO         2685    .text               c_w.l(_printf_longlong_dec.o)
    0x080007f4   0x080007f4   0x00000070   Code   RO         2691    .text               c_w.l(_printf_oct_int_ll.o)
    0x08000864   0x08000864   0x00000094   Code   RO         2711    .text               c_w.l(_printf_hex_int_ll_ptr.o)
    0x080008f8   0x080008f8   0x00000188   Code   RO         2731    .text               c_w.l(__printf_flags_ss_wp.o)
    0x08000a80   0x08000a80   0x0000008a   Code   RO         2782    .text               c_w.l(lludiv10.o)
    0x08000b0a   0x08000b0a   0x000000b2   Code   RO         2784    .text               c_w.l(_printf_intcommon.o)
    0x08000bbc   0x08000bbc   0x0000041e   Code   RO         2786    .text               c_w.l(_printf_fp_dec.o)
    0x08000fda   0x08000fda   0x00000002   PAD
    0x08000fdc   0x08000fdc   0x000002fc   Code   RO         2788    .text               c_w.l(_printf_fp_hex.o)
    0x080012d8   0x080012d8   0x0000002c   Code   RO         2793    .text               c_w.l(_printf_char.o)
    0x08001304   0x08001304   0x0000002c   Code   RO         2795    .text               c_w.l(_printf_wchar.o)
    0x08001330   0x08001330   0x00000040   Code   RO         2798    .text               c_w.l(_wcrtomb.o)
    0x08001370   0x08001370   0x0000004a   Code   RO         2800    .text               c_w.l(sys_stackheap_outer.o)
    0x080013ba   0x080013ba   0x00000002   PAD
    0x080013bc   0x080013bc   0x00000010   Code   RO         2802    .text               c_w.l(rt_ctype_table.o)
    0x080013cc   0x080013cc   0x00000008   Code   RO         2807    .text               c_w.l(rt_locale_intlibspace.o)
    0x080013d4   0x080013d4   0x00000080   Code   RO         2809    .text               c_w.l(_printf_fp_infnan.o)
    0x08001454   0x08001454   0x000000e4   Code   RO         2811    .text               c_w.l(bigflt0.o)
    0x08001538   0x08001538   0x00000012   Code   RO         2839    .text               c_w.l(exit.o)
    0x0800154a   0x0800154a   0x00000002   PAD
    0x0800154c   0x0800154c   0x00000008   Code   RO         2856    .text               c_w.l(libspace.o)
    0x08001554   0x08001554   0x00000068   Code   RO         2870    .text               c_w.l(strcmpv7m_pel.o)
    0x080015bc   0x080015bc   0x0000000c   Code   RO         2917    .text               c_w.l(sys_exit.o)
    0x080015c8   0x080015c8   0x00000002   Code   RO         2936    .text               c_w.l(use_no_semi.o)
    0x080015ca   0x080015ca   0x00000000   Code   RO         2938    .text               c_w.l(indicate_semi.o)
    0x080015ca   0x080015ca   0x0000003e   Code   RO         2814    CL$$btod_d2e        c_w.l(btod.o)
    0x08001608   0x08001608   0x00000046   Code   RO         2816    CL$$btod_d2e_denorm_low  c_w.l(btod.o)
    0x0800164e   0x0800164e   0x00000060   Code   RO         2815    CL$$btod_d2e_norm_op1  c_w.l(btod.o)
    0x080016ae   0x080016ae   0x00000338   Code   RO         2824    CL$$btod_div_common  c_w.l(btod.o)
    0x080019e6   0x080019e6   0x000000dc   Code   RO         2821    CL$$btod_e2e        c_w.l(btod.o)
    0x08001ac2   0x08001ac2   0x0000002a   Code   RO         2818    CL$$btod_ediv       c_w.l(btod.o)
    0x08001aec   0x08001aec   0x0000002a   Code   RO         2817    CL$$btod_emul       c_w.l(btod.o)
    0x08001b16   0x08001b16   0x00000244   Code   RO         2823    CL$$btod_mult_common  c_w.l(btod.o)
    0x08001d5a   0x08001d5a   0x00000002   Code   RO          185    i.BusFault_Handler  stm32f7xx_it.o
    0x08001d5c   0x08001d5c   0x00000002   Code   RO          186    i.DebugMon_Handler  stm32f7xx_it.o
    0x08001d5e   0x08001d5e   0x00000004   Code   RO           13    i.Error_Handler     main.o
    0x08001d62   0x08001d62   0x0000004e   Code   RO          553    i.HAL_CRCEx_Polynomial_Set  stm32f7xx_hal_crc_ex.o
    0x08001db0   0x08001db0   0x00000078   Code   RO          487    i.HAL_CRC_Init      stm32f7xx_hal_crc.o
    0x08001e28   0x08001e28   0x00000028   Code   RO          261    i.HAL_CRC_MspInit   stm32f7xx_hal_msp.o
    0x08001e50   0x08001e50   0x00000248   Code   RO          934    i.HAL_GPIO_Init     stm32f7xx_hal_gpio.o
    0x08002098   0x08002098   0x0000000a   Code   RO          936    i.HAL_GPIO_ReadPin  stm32f7xx_hal_gpio.o
    0x080020a2   0x080020a2   0x0000000a   Code   RO          938    i.HAL_GPIO_WritePin  stm32f7xx_hal_gpio.o
    0x080020ac   0x080020ac   0x0000000c   Code   RO         1375    i.HAL_GetTick       stm32f7xx_hal.o
    0x080020b8   0x080020b8   0x00000010   Code   RO         1381    i.HAL_IncTick       stm32f7xx_hal.o
    0x080020c8   0x080020c8   0x00000016   Code   RO         1382    i.HAL_Init          stm32f7xx_hal.o
    0x080020de   0x080020de   0x00000002   PAD
    0x080020e0   0x080020e0   0x00000040   Code   RO         1383    i.HAL_InitTick      stm32f7xx_hal.o
    0x08002120   0x08002120   0x0000005c   Code   RO          346    i.HAL_MPU_ConfigRegion  stm32f7xx_hal_cortex.o
    0x0800217c   0x0800217c   0x0000001c   Code   RO          347    i.HAL_MPU_Disable   stm32f7xx_hal_cortex.o
    0x08002198   0x08002198   0x00000024   Code   RO          348    i.HAL_MPU_Enable    stm32f7xx_hal_cortex.o
    0x080021bc   0x080021bc   0x00000030   Code   RO          262    i.HAL_MspInit       stm32f7xx_hal_msp.o
    0x080021ec   0x080021ec   0x00000040   Code   RO          357    i.HAL_NVIC_SetPriority  stm32f7xx_hal_cortex.o
    0x0800222c   0x0800222c   0x00000024   Code   RO          358    i.HAL_NVIC_SetPriorityGrouping  stm32f7xx_hal_cortex.o
    0x08002250   0x08002250   0x0000006c   Code   RO         1274    i.HAL_PWREx_EnableOverDrive  stm32f7xx_hal_pwr_ex.o
    0x080022bc   0x080022bc   0x000004fc   Code   RO          695    i.HAL_RCCEx_PeriphCLKConfig  stm32f7xx_hal_rcc_ex.o
    0x080027b8   0x080027b8   0x00000130   Code   RO          588    i.HAL_RCC_ClockConfig  stm32f7xx_hal_rcc.o
    0x080028e8   0x080028e8   0x00000020   Code   RO          595    i.HAL_RCC_GetPCLK1Freq  stm32f7xx_hal_rcc.o
    0x08002908   0x08002908   0x00000020   Code   RO          596    i.HAL_RCC_GetPCLK2Freq  stm32f7xx_hal_rcc.o
    0x08002928   0x08002928   0x00000064   Code   RO          597    i.HAL_RCC_GetSysClockFreq  stm32f7xx_hal_rcc.o
    0x0800298c   0x0800298c   0x00000384   Code   RO          600    i.HAL_RCC_OscConfig  stm32f7xx_hal_rcc.o
    0x08002d10   0x08002d10   0x00000026   Code   RO          362    i.HAL_SYSTICK_Config  stm32f7xx_hal_cortex.o
    0x08002d36   0x08002d36   0x00000066   Code   RO         2199    i.HAL_UART_Init     stm32f7xx_hal_uart.o
    0x08002d9c   0x08002d9c   0x000000d0   Code   RO          264    i.HAL_UART_MspInit  stm32f7xx_hal_msp.o
    0x08002e6c   0x08002e6c   0x000000b8   Code   RO         2208    i.HAL_UART_Transmit  stm32f7xx_hal_uart.o
    0x08002f24   0x08002f24   0x00000002   Code   RO          187    i.HardFault_Handler  stm32f7xx_it.o
    0x08002f26   0x08002f26   0x00000002   PAD
    0x08002f28   0x08002f28   0x00000084   Code   RO           14    i.MX_GPIO_Init      main.o
    0x08002fac   0x08002fac   0x00000038   Code   RO           15    i.MX_USART2_UART_Init  main.o
    0x08002fe4   0x08002fe4   0x00000038   Code   RO           16    i.MX_USART3_UART_Init  main.o
    0x0800301c   0x0800301c   0x00000002   Code   RO          188    i.MemManage_Handler  stm32f7xx_it.o
    0x0800301e   0x0800301e   0x00000002   Code   RO          189    i.NMI_Handler       stm32f7xx_it.o
    0x08003020   0x08003020   0x00000002   Code   RO          190    i.PendSV_Handler    stm32f7xx_it.o
    0x08003022   0x08003022   0x00000002   Code   RO          191    i.SVC_Handler       stm32f7xx_it.o
    0x08003024   0x08003024   0x00000004   Code   RO          192    i.SysTick_Handler   stm32f7xx_it.o
    0x08003028   0x08003028   0x000000a0   Code   RO           17    i.SystemClock_Config  main.o
    0x080030c8   0x080030c8   0x00000010   Code   RO         2611    i.SystemInit        system_stm32f7xx.o
    0x080030d8   0x080030d8   0x000000c8   Code   RO         2213    i.UART_AdvFeatureConfig  stm32f7xx_hal_uart.o
    0x080031a0   0x080031a0   0x00000040   Code   RO         2214    i.UART_CheckIdleState  stm32f7xx_hal_uart.o
    0x080031e0   0x080031e0   0x00000230   Code   RO         2229    i.UART_SetConfig    stm32f7xx_hal_uart.o
    0x08003410   0x08003410   0x000000ca   Code   RO         2234    i.UART_WaitOnFlagUntilTimeout  stm32f7xx_hal_uart.o
    0x080034da   0x080034da   0x00000002   Code   RO          193    i.UsageFault_Handler  stm32f7xx_it.o
    0x080034dc   0x080034dc   0x00000030   Code   RO         2854    i.__ARM_fpclassify  m_wm.l(fpclassify.o)
    0x0800350c   0x0800350c   0x00000022   Code   RO          364    i.__NVIC_SetPriority  stm32f7xx_hal_cortex.o
    0x0800352e   0x0800352e   0x0000000e   Code   RO         2724    i._is_digit         c_w.l(__printf_wp.o)
    0x0800353c   0x0800353c   0x00000068   Code   RO          309    i.bootloader_init   boot.o
    0x080035a4   0x080035a4   0x00000040   Code   RO          310    i.bootloader_jump_user_app  boot.o
    0x080035e4   0x080035e4   0x00000088   Code   RO           18    i.main              main.o
    0x0800366c   0x0800366c   0x00000040   Code   RO           19    i.st_printf         main.o
    0x080036ac   0x080036ac   0x0000002c   Code   RO         2837    locale$$code        c_w.l(lc_numeric_c.o)
    0x080036d8   0x080036d8   0x0000002c   Code   RO         2864    locale$$code        c_w.l(lc_ctype_c.o)
    0x08003704   0x08003704   0x0000000a   Code   RO         2932    x$fpl$fpinit        fz_wm.l(fpinit.o)
    0x0800370e   0x0800370e   0x00000004   Code   RO         2757    x$fpl$printf1       fz_wm.l(printf1.o)
    0x08003712   0x08003712   0x00000004   Code   RO         2759    x$fpl$printf2       fz_wm.l(printf2.o)
    0x08003716   0x08003716   0x00000000   Code   RO         2853    x$fpl$usenofp       fz_wm.l(usenofp.o)
    0x08003716   0x08003716   0x00000010   Data   RO         2612    .constdata          system_stm32f7xx.o
    0x08003726   0x08003726   0x00000008   Data   RO         2613    .constdata          system_stm32f7xx.o
    0x0800372e   0x0800372e   0x00000002   PAD
    0x08003730   0x08003730   0x00000008   Data   RO         2683    .constdata          c_w.l(_printf_wctomb.o)
    0x08003738   0x08003738   0x00000028   Data   RO         2712    .constdata          c_w.l(_printf_hex_int_ll_ptr.o)
    0x08003760   0x08003760   0x00000011   Data   RO         2732    .constdata          c_w.l(__printf_flags_ss_wp.o)
    0x08003771   0x08003771   0x00000026   Data   RO         2789    .constdata          c_w.l(_printf_fp_hex.o)
    0x08003797   0x08003797   0x00000001   PAD
    0x08003798   0x08003798   0x00000094   Data   RO         2812    .constdata          c_w.l(bigflt0.o)
    0x0800382c   0x0800382c   0x00000020   Data   RO         2990    Region$$Table       anon$$obj.o
    0x0800384c   0x0800384c   0x0000001c   Data   RO         2836    locale$$data        c_w.l(lc_numeric_c.o)
    0x08003868   0x08003868   0x00000110   Data   RO         2863    locale$$data        c_w.l(lc_ctype_c.o)


    Execution Region RW_IRAM1 (Exec base: 0x20000000, Load base: 0x08003978, Size: 0x000007a0, Max: 0x00050000, ABSOLUTE)

    Exec Addr    Load Addr    Size         Type   Attr      Idx    E Section Name        Object

    0x20000000   0x08003978   0x0000000c   Data   RW         1389    .data               stm32f7xx_hal.o
    0x2000000c   0x08003984   0x00000004   Data   RW         2614    .data               system_stm32f7xx.o
    0x20000010        -       0x0000012c   Zero   RW           20    .bss                main.o
    0x2000013c        -       0x00000060   Zero   RW         2857    .bss                c_w.l(libspace.o)
    0x2000019c   0x08003988   0x00000004   PAD
    0x200001a0        -       0x00000200   Zero   RW            2    HEAP                startup_stm32f746xx.o
    0x200003a0        -       0x00000400   Zero   RW            1    STACK               startup_stm32f746xx.o


==============================================================================

Image component sizes


      Code (inc. data)   RO Data    RW Data    ZI Data      Debug   Object Name

       168         88          0          0          0       6626   boot.o
       608         58          0          0        300     802381   main.o
        64         26        456          0       1536        836   startup_stm32f746xx.o
       114         20          0         12          0       8361   stm32f7xx_hal.o
       328         28          0          0          0      40412   stm32f7xx_hal_cortex.o
       120          6          0          0          0       1147   stm32f7xx_hal_crc.o
        78          0          0          0          0       1259   stm32f7xx_hal_crc_ex.o
       604         54          0          0          0       2903   stm32f7xx_hal_gpio.o
       296         34          0          0          0       2347   stm32f7xx_hal_msp.o
       108          8          0          0          0       1256   stm32f7xx_hal_pwr_ex.o
      1368         68          0          0          0       5148   stm32f7xx_hal_rcc.o
      1276         16          0          0          0       2276   stm32f7xx_hal_rcc_ex.o
      1312         64          0          0          0       6333   stm32f7xx_hal_uart.o
        20          0          0          0          0       4118   stm32f7xx_it.o
        16          4         24          4          0       1111   system_stm32f7xx.o

    ----------------------------------------------------------------------
      6484        474        514         16       1836     886514   Object Totals
         0          0         32          0          0          0   (incl. Generated)
         4          0          2          0          0          0   (incl. Padding)

    ----------------------------------------------------------------------

      Code (inc. data)   RO Data    RW Data    ZI Data      Debug   Library Member Name

         8          0          0          0          0         68   __main.o
       392          4         17          0          0         92   __printf_flags_ss_wp.o
        14          0          0          0          0         68   __printf_wp.o
         0          0          0          0          0          0   __rtentry.o
        12          0          0          0          0          0   __rtentry2.o
         6          0          0          0          0          0   __rtentry4.o
        52          8          0          0          0          0   __scatter.o
        26          0          0          0          0          0   __scatter_copy.o
        28          0          0          0          0          0   __scatter_zi.o
         6          0          0          0          0          0   _printf_a.o
         6          0          0          0          0          0   _printf_c.o
        44          0          0          0          0        108   _printf_char.o
        48          6          0          0          0         96   _printf_char_common.o
        40          0          0          0          0         68   _printf_charcount.o
         6          0          0          0          0          0   _printf_d.o
       120         16          0          0          0         92   _printf_dec.o
         6          0          0          0          0          0   _printf_e.o
         6          0          0          0          0          0   _printf_f.o
      1054          0          0          0          0        216   _printf_fp_dec.o
       764          8         38          0          0        100   _printf_fp_hex.o
       128         16          0          0          0         84   _printf_fp_infnan.o
         6          0          0          0          0          0   _printf_g.o
       148          4         40          0          0        160   _printf_hex_int_ll_ptr.o
         6          0          0          0          0          0   _printf_i.o
       178          0          0          0          0         88   _printf_intcommon.o
        10          0          0          0          0          0   _printf_l.o
         6          0          0          0          0          0   _printf_lc.o
        10          0          0          0          0          0   _printf_ll.o
         6          0          0          0          0          0   _printf_lld.o
         6          0          0          0          0          0   _printf_lli.o
         6          0          0          0          0          0   _printf_llo.o
         6          0          0          0          0          0   _printf_llu.o
         6          0          0          0          0          0   _printf_llx.o
       124         16          0          0          0         92   _printf_longlong_dec.o
         6          0          0          0          0          0   _printf_ls.o
         6          0          0          0          0          0   _printf_n.o
         6          0          0          0          0          0   _printf_o.o
       112         10          0          0          0        124   _printf_oct_int_ll.o
         6          0          0          0          0          0   _printf_p.o
        78          0          0          0          0        108   _printf_pad.o
         0          0          0          0          0          0   _printf_percent.o
         4          0          0          0          0          0   _printf_percent_end.o
         6          0          0          0          0          0   _printf_s.o
        82          0          0          0          0         80   _printf_str.o
        36          0          0          0          0         84   _printf_truncate.o
         6          0          0          0          0          0   _printf_u.o
        44          0          0          0          0        108   _printf_wchar.o
       188          6          8          0          0         92   _printf_wctomb.o
         6          0          0          0          0          0   _printf_x.o
        10          0          0          0          0         68   _sputc.o
        64          0          0          0          0         92   _wcrtomb.o
       228          4        148          0          0         96   bigflt0.o
      1936        128          0          0          0        672   btod.o
        18          0          0          0          0         80   exit.o
         6          0          0          0          0        152   heapauxi.o
         0          0          0          0          0          0   indicate_semi.o
        44         10        272          0          0         76   lc_ctype_c.o
        44         10         28          0          0         76   lc_numeric_c.o
         2          0          0          0          0          0   libinit.o
        34          0          0          0          0          0   libinit2.o
         2          0          0          0          0          0   libshutdown.o
         2          0          0          0          0          0   libshutdown2.o
         8          4          0          0         96         68   libspace.o
       138          0          0          0          0         80   lludiv10.o
       238          0          0          0          0        100   lludivv7m.o
        16          4          0          0          0         76   rt_ctype_table.o
         8          4          0          0          0         68   rt_locale_intlibspace.o
        78          0          0          0          0         80   rt_memclr_w.o
         2          0          0          0          0          0   rtexit.o
        10          0          0          0          0          0   rtexit2.o
        44          6          0          0          0         84   sprintf.o
        24          0          0          0          0         68   strcat.o
       104          0          0          0          0         68   strcmpv7m_pel.o
        62          0          0          0          0         76   strlen.o
        12          4          0          0          0         68   sys_exit.o
        74          0          0          0          0         80   sys_stackheap_outer.o
         2          0          0          0          0         68   use_no_semi.o
        10          0          0          0          0        116   fpinit.o
         4          0          0          0          0        116   printf1.o
         4          0          0          0          0        116   printf2.o
         0          0          0          0          0          0   usenofp.o
        48          0          0          0          0        124   fpclassify.o

    ----------------------------------------------------------------------
      7162        268        552          0        100       4696   Library Totals
        16          0          1          0          4          0   (incl. Padding)

    ----------------------------------------------------------------------

      Code (inc. data)   RO Data    RW Data    ZI Data      Debug   Library Name

      7080        268        551          0         96       4224   c_w.l
        18          0          0          0          0        348   fz_wm.l
        48          0          0          0          0        124   m_wm.l

    ----------------------------------------------------------------------
      7162        268        552          0        100       4696   Library Totals

    ----------------------------------------------------------------------

==============================================================================


      Code (inc. data)   RO Data    RW Data    ZI Data      Debug   

     13646        742       1066         16       1936     884222   Grand Totals
     13646        742       1066         16       1936     884222   ELF Image Totals
     13646        742       1066         16          0          0   ROM Totals

==============================================================================

    Total RO  Size (Code + RO Data)                14712 (  14.37kB)
    Total RW  Size (RW Data + ZI Data)              1952 (   1.91kB)
    Total ROM Size (Code + RO Data + RW Data)      14728 (  14.38kB)

==============================================================================

